Archive member included to satisfy reference by file (symbol)

.\CortexM0\ARM_GCC_541\Release\TestProgram4M.a(Red.o)
                              .\CortexM0\ARM_GCC_541\Release\main.o (symbol from plugin) (Red_Write)
.\CortexM0\ARM_GCC_541\Release\TestProgram4M.a(Green.o)
                              .\CortexM0\ARM_GCC_541\Release\main.o (symbol from plugin) (Green_Write)
.\CortexM0\ARM_GCC_541\Release\TestProgram4M.a(I2C.o)
                              .\CortexM0\ARM_GCC_541\Release\main.o (symbol from plugin) (I2C_Start)
.\CortexM0\ARM_GCC_541\Release\TestProgram4M.a(I2C_I2C.o)
                              I2C.o (symbol from plugin) (I2C_I2CInit)
.\CortexM0\ARM_GCC_541\Release\TestProgram4M.a(I2C_I2C_MASTER.o)
                              .\CortexM0\ARM_GCC_541\Release\main.o (symbol from plugin) (I2C_I2CMasterSendStart)
.\CortexM0\ARM_GCC_541\Release\TestProgram4M.a(ADC.o)
                              .\CortexM0\ARM_GCC_541\Release\main.o (symbol from plugin) (ADC_Start)
.\CortexM0\ARM_GCC_541\Release\TestProgram4M.a(ADC_INT.o)
                              ADC.o (symbol from plugin) (ADC_ISR)
.\CortexM0\ARM_GCC_541\Release\TestProgram4M.a(SW1.o)
                              .\CortexM0\ARM_GCC_541\Release\main.o (symbol from plugin) (SW1_Read)
.\CortexM0\ARM_GCC_541\Release\TestProgram4M.a(SWISR.o)
                              .\CortexM0\ARM_GCC_541\Release\main.o (symbol from plugin) (SWISR_StartEx)
.\CortexM0\ARM_GCC_541\Release\TestProgram4M.a(Timer.o)
                              .\CortexM0\ARM_GCC_541\Release\main.o (symbol from plugin) (Timer_Start)
.\CortexM0\ARM_GCC_541\Release\TestProgram4M.a(CyLib.o)
                              .\CortexM0\ARM_GCC_541\Release\cyfitter_cfg.o (symbol from plugin) (CyIntSetVector)
.\CortexM0\ARM_GCC_541\Release\TestProgram4M.a(CyLFClk.o)
                              CyLib.o (symbol from plugin) (CySysClkWcoEnabled)
.\CortexM0\ARM_GCC_541\Release\TestProgram4M.a(D11.o)
                              .\CortexM0\ARM_GCC_541\Release\main.o (symbol from plugin) (D11_Read)
.\CortexM0\ARM_GCC_541\Release\TestProgram4M.a(D12.o)
                              .\CortexM0\ARM_GCC_541\Release\main.o (symbol from plugin) (D12_Write)
.\CortexM0\ARM_GCC_541\Release\TestProgram4M.a(CyBootAsmGnu.o)
                              .\CortexM0\ARM_GCC_541\Release\main.o (symbol from plugin) (CyDelayCycles)
.\CortexM0\ARM_GCC_541\Release\TestProgram4M.a(I2C_I2C_INT.o)
                              I2C_I2C.o (symbol from plugin) (I2C_I2C_ISR)
.\CortexM0\ARM_GCC_541\Release\TestProgram4M.a(CyFlash.o)
                              CyLib.o (symbol from plugin) (CySysFlashSetWaitCycles)
c:/program files (x86)/cypress/psoc creator/4.1/psoc creator/import/gnu/arm/5.4.1/bin/../lib/gcc/arm-none-eabi/5.4.1/../../../../arm-none-eabi/lib/armv6-m\libg_nano.a(lib_a-errno.o)
                              .\CortexM0\ARM_GCC_541\Release\Cm0Start.o (symbol from plugin) (__errno)
c:/program files (x86)/cypress/psoc creator/4.1/psoc creator/import/gnu/arm/5.4.1/bin/../lib/gcc/arm-none-eabi/5.4.1/../../../../arm-none-eabi/lib/armv6-m\libg_nano.a(lib_a-exit.o)
                              c:/program files (x86)/cypress/psoc creator/4.1/psoc creator/import/gnu/arm/5.4.1/bin/../lib/gcc/arm-none-eabi/5.4.1/../../../../arm-none-eabi/lib/armv6-m/crt0.o (exit)
c:/program files (x86)/cypress/psoc creator/4.1/psoc creator/import/gnu/arm/5.4.1/bin/../lib/gcc/arm-none-eabi/5.4.1/../../../../arm-none-eabi/lib/armv6-m\libg_nano.a(lib_a-impure.o)
                              c:/program files (x86)/cypress/psoc creator/4.1/psoc creator/import/gnu/arm/5.4.1/bin/../lib/gcc/arm-none-eabi/5.4.1/../../../../arm-none-eabi/lib/armv6-m\libg_nano.a(lib_a-exit.o) (_global_impure_ptr)
c:/program files (x86)/cypress/psoc creator/4.1/psoc creator/import/gnu/arm/5.4.1/bin/../lib/gcc/arm-none-eabi/5.4.1/../../../../arm-none-eabi/lib/armv6-m\libg_nano.a(lib_a-init.o)
                              c:/program files (x86)/cypress/psoc creator/4.1/psoc creator/import/gnu/arm/5.4.1/bin/../lib/gcc/arm-none-eabi/5.4.1/../../../../arm-none-eabi/lib/armv6-m/crt0.o (__libc_init_array)
c:/program files (x86)/cypress/psoc creator/4.1/psoc creator/import/gnu/arm/5.4.1/bin/../lib/gcc/arm-none-eabi/5.4.1/../../../../arm-none-eabi/lib/armv6-m\libg_nano.a(lib_a-memset.o)
                              c:/program files (x86)/cypress/psoc creator/4.1/psoc creator/import/gnu/arm/5.4.1/bin/../lib/gcc/arm-none-eabi/5.4.1/../../../../arm-none-eabi/lib/armv6-m/crt0.o (memset)
c:/program files (x86)/cypress/psoc creator/4.1/psoc creator/import/gnu/arm/5.4.1/bin/../lib/gcc/arm-none-eabi/5.4.1/../../../../arm-none-eabi/lib/armv6-m\libg_nano.a(lib_a-nano-vfprintf_float.o)
                              (_printf_float)
c:/program files (x86)/cypress/psoc creator/4.1/psoc creator/import/gnu/arm/5.4.1/bin/../lib/gcc/arm-none-eabi/5.4.1/../../../../arm-none-eabi/lib/armv6-m\libg_nano.a(lib_a-nano-vfprintf_i.o)
[...]
Memory Configuration

Name             Origin             Length             Attributes
rom              0x00000000         0x00020000         xr
ram              0x20000000         0x00004000         xrw
*default*        0x00000000         0xffffffff

Linker script and memory map

LOAD c:/program files (x86)/cypress/psoc creator/4.1/psoc creator/import/gnu/arm/5.4.1/bin/../lib/gcc/arm-none-eabi/5.4.1/armv6-m/crti.o
LOAD c:/program files (x86)/cypress/psoc creator/4.1/psoc creator/import/gnu/arm/5.4.1/bin/../lib/gcc/arm-none-eabi/5.4.1/armv6-m/crtbegin.o
LOAD c:/program files (x86)/cypress/psoc creator/4.1/psoc creator/import/gnu/arm/5.4.1/bin/../lib/gcc/arm-none-eabi/5.4.1/../../../../arm-none-eabi/lib/armv6-m/crt0.o
START GROUP
LOAD .\CortexM0\ARM_GCC_541\Release\main.o
LOAD C:\Users\gjl\AppData\Local\Temp\cc40ErxV.ltrans0.ltrans.o
LOAD C:\Users\gjl\AppData\Local\Temp\cc40ErxV.ltrans1.ltrans.o
LOAD .\CortexM0\ARM_GCC_541\Release\u8x8_u16toa.o
LOAD .\CortexM0\ARM_GCC_541\Release\u8x8_u8toa.o
LOAD .\CortexM0\ARM_GCC_541\Release\u8x8_string.o
LOAD .\CortexM0\ARM_GCC_541\Release\u8x8_setup.o
LOAD .\CortexM0\ARM_GCC_541\Release\u8x8_selection_list.o
LOAD .\CortexM0\ARM_GCC_541\Release\u8x8_message.o
LOAD .\CortexM0\ARM_GCC_541\Release\u8x8_input_value.o
LOAD .\CortexM0\ARM_GCC_541\Release\u8x8_gpio.o
LOAD .\CortexM0\ARM_GCC_541\Release\u8x8_fonts.o
LOAD .\CortexM0\ARM_GCC_541\Release\u8x8_display.o
LOAD .\CortexM0\ARM_GCC_541\Release\u8x8_debounce.o
LOAD .\CortexM0\ARM_GCC_541\Release\u8x8_d_uc1701_mini12864.o
LOAD .\CortexM0\ARM_GCC_541\Release\u8x8_d_uc1701_dogs102.o
LOAD .\CortexM0\ARM_GCC_541\Release\u8x8_d_uc1611.o
LOAD .\CortexM0\ARM_GCC_541\Release\u8x8_d_uc1610.o
LOAD .\CortexM0\ARM_GCC_541\Release\u8x8_d_uc1608.o
LOAD .\CortexM0\ARM_GCC_541\Release\u8x8_d_uc1604.o
LOAD .\CortexM0\ARM_GCC_541\Release\u8x8_d_t6963.o
LOAD .\CortexM0\ARM_GCC_541\Release\u8x8_d_stdio.o
LOAD .\CortexM0\ARM_GCC_541\Release\u8x8_d_st75256.o
LOAD .\CortexM0\ARM_GCC_541\Release\u8x8_d_st7920.o
LOAD .\CortexM0\ARM_GCC_541\Release\u8x8_d_st7588.o
LOAD .\CortexM0\ARM_GCC_541\Release\u8x8_d_st7567.o
LOAD .\CortexM0\ARM_GCC_541\Release\u8x8_d_st7565.o
LOAD .\CortexM0\ARM_GCC_541\Release\u8x8_d_ssd1607_200x200.o
LOAD .\CortexM0\ARM_GCC_541\Release\u8x8_d_ssd1606_172x72.o
LOAD .\CortexM0\ARM_GCC_541\Release\u8x8_d_ssd1327.o
LOAD .\CortexM0\ARM_GCC_541\Release\u8x8_d_ssd1325.o
LOAD .\CortexM0\ARM_GCC_541\Release\u8x8_d_ssd1322.o
LOAD .\CortexM0\ARM_GCC_541\Release\u8x8_d_ssd1309.o
LOAD .\CortexM0\ARM_GCC_541\Release\u8x8_d_ssd1306_128x64_noname.o
LOAD .\CortexM0\ARM_GCC_541\Release\u8x8_d_ssd1306_128x32.o
LOAD .\CortexM0\ARM_GCC_541\Release\u8x8_d_ssd1306_64x48.o
LOAD .\CortexM0\ARM_GCC_541\Release\u8x8_d_ssd1305.o
LOAD .\CortexM0\ARM_GCC_541\Release\u8x8_d_sed1330.o
LOAD .\CortexM0\ARM_GCC_541\Release\u8x8_d_pcf8812.o
LOAD .\CortexM0\ARM_GCC_541\Release\u8x8_d_pcd8544_84x48.o
LOAD .\CortexM0\ARM_GCC_541\Release\u8x8_d_ls013b7dh03.o
LOAD .\CortexM0\ARM_GCC_541\Release\u8x8_d_ld7032_60x32.o
LOAD .\CortexM0\ARM_GCC_541\Release\u8x8_d_lc7981.o
LOAD .\CortexM0\ARM_GCC_541\Release\u8x8_d_ks0108.o
LOAD .\CortexM0\ARM_GCC_541\Release\u8x8_d_ist3020.o
LOAD .\CortexM0\ARM_GCC_541\Release\u8x8_d_a2printer.o
LOAD .\CortexM0\ARM_GCC_541\Release\u8x8_cad.o
LOAD .\CortexM0\ARM_GCC_541\Release\u8x8_byte.o
LOAD .\CortexM0\ARM_GCC_541\Release\u8x8_8x8.o
LOAD .\CortexM0\ARM_GCC_541\Release\u8g2_setup.o
LOAD .\CortexM0\ARM_GCC_541\Release\u8g2_selection_list.o
LOAD .\CortexM0\ARM_GCC_541\Release\u8g2_polygon.o
LOAD .\CortexM0\ARM_GCC_541\Release\u8g2_message.o
LOAD .\CortexM0\ARM_GCC_541\Release\u8g2_ll_hvline.o
LOAD .\CortexM0\ARM_GCC_541\Release\u8g2_line.o
LOAD .\CortexM0\ARM_GCC_541\Release\u8g2_kerning.o
LOAD .\CortexM0\ARM_GCC_541\Release\u8g2_intersection.o
LOAD .\CortexM0\ARM_GCC_541\Release\u8g2_input_value.o
LOAD .\CortexM0\ARM_GCC_541\Release\u8g2_hvline.o
LOAD .\CortexM0\ARM_GCC_541\Release\u8g2_fonts.o
LOAD .\CortexM0\ARM_GCC_541\Release\u8g2_font.o
LOAD .\CortexM0\ARM_GCC_541\Release\u8g2_d_setup.o
LOAD .\CortexM0\ARM_GCC_541\Release\u8g2_d_memory.o
LOAD .\CortexM0\ARM_GCC_541\Release\u8g2_cleardisplay.o
LOAD .\CortexM0\ARM_GCC_541\Release\u8g2_circle.o
LOAD .\CortexM0\ARM_GCC_541\Release\u8g2_buffer.o
LOAD .\CortexM0\ARM_GCC_541\Release\u8g2_box.o
LOAD .\CortexM0\ARM_GCC_541\Release\u8g2_bitmap.o
LOAD .\CortexM0\ARM_GCC_541\Release\cyfitter_cfg.o
LOAD .\CortexM0\ARM_GCC_541\Release\cymetadata.o
LOAD .\CortexM0\ARM_GCC_541\Release\Cm0Start.o
LOAD .\CortexM0\ARM_GCC_541\Release\TestProgram4M.a
LOAD C:\Program Files (x86)\Cypress\PSoC Creator\4.1\PSoC Creator\psoc\content\cycomponentlibrary\CyComponentLibrary.cylib\CortexM0\ARM_GCC_541\Release\CyComponentLibrary.a
END GROUP
START GROUP
LOAD c:/program files (x86)/cypress/psoc creator/4.1/psoc creator/import/gnu/arm/5.4.1/bin/../lib/gcc/arm-none-eabi/5.4.1/armv6-m\libgcc.a
LOAD c:/program files (x86)/cypress/psoc creator/4.1/psoc creator/import/gnu/arm/5.4.1/bin/../lib/gcc/arm-none-eabi/5.4.1/../../../../arm-none-eabi/lib/armv6-m\libg_nano.a
LOAD c:/program files (x86)/cypress/psoc creator/4.1/psoc creator/import/gnu/arm/5.4.1/bin/../lib/gcc/arm-none-eabi/5.4.1/../../../../arm-none-eabi/lib/armv6-m\libc_nano.a
END GROUP
START GROUP
LOAD c:/program files (x86)/cypress/psoc creator/4.1/psoc creator/import/gnu/arm/5.4.1/bin/../lib/gcc/arm-none-eabi/5.4.1/armv6-m\libgcc.a
LOAD c:/program files (x86)/cypress/psoc creator/4.1/psoc creator/import/gnu/arm/5.4.1/bin/../lib/gcc/arm-none-eabi/5.4.1/../../../../arm-none-eabi/lib/armv6-m\libc_nano.a
END GROUP
LOAD c:/program files (x86)/cypress/psoc creator/4.1/psoc creator/import/gnu/arm/5.4.1/bin/../lib/gcc/arm-none-eabi/5.4.1/armv6-m/crtend.o
LOAD c:/program files (x86)/cypress/psoc creator/4.1/psoc creator/import/gnu/arm/5.4.1/bin/../lib/gcc/arm-none-eabi/5.4.1/armv6-m/crtn.o
START GROUP
LOAD c:/program files (x86)/cypress/psoc creator/4.1/psoc creator/import/gnu/arm/5.4.1/bin/../lib/gcc/arm-none-eabi/5.4.1/armv6-m\libgcc.a
LOAD c:/program files (x86)/cypress/psoc creator/4.1/psoc creator/import/gnu/arm/5.4.1/bin/../lib/gcc/arm-none-eabi/5.4.1/../../../../arm-none-eabi/lib/armv6-m\libc.a
LOAD c:/program files (x86)/cypress/psoc creator/4.1/psoc creator/import/gnu/arm/5.4.1/bin/../lib/gcc/arm-none-eabi/5.4.1/../../../../arm-none-eabi/lib/armv6-m\libnosys.a
END GROUP
                0x00000000                CY_APPL_ORIGIN = 0x0
                0x00000080                CY_FLASH_ROW_SIZE = 0x80
                0x00000001                CY_APPL_NUM = 0x1
                0x00000001                CY_APPL_MAX = 0x1
                0x00000040                CY_METADATA_SIZE = 0x40
                0x00000000                CY_APPL_LOADABLE = 0x0
                0x00000000                CY_CHECKSUM_EXCLUDE_SIZE = ALIGN (0x0, CY_FLASH_ROW_SIZE)
                0x00000000                CY_APP_FOR_STACK_AND_COPIER = 0x0
                [!provide]                PROVIDE (__cy_heap_start, _end)
                0x00000001                PROVIDE (__cy_region_num, ((__cy_regions_end - __cy_regions) / 0x10))
                0x20004000                PROVIDE (__cy_stack, (ORIGIN (ram) + LENGTH (ram)))
                [!provide]                PROVIDE (__cy_heap_end, (__cy_stack - 0x1000))

.cybootloader   0x00000000        0x0
 *(.cybootloader)
                0x00000000                appl1_start = CY_APPL_ORIGIN?CY_APPL_ORIGIN:ALIGN (CY_FLASH_ROW_SIZE)
                0x0000ff80                appl2_start = (appl1_start + ALIGN ((((LENGTH (rom) - appl1_start) - (0x2 * CY_FLASH_ROW_SIZE)) / 0x2), CY_FLASH_ROW_SIZE))
                0x00000000                appl_start = (CY_APPL_NUM == 0x1)?appl1_start:appl2_start
                0x00000001                cy_project_type_bootloader = (appl_start == 0x0)?0x1:0x0
                0x00000000                cy_project_type_app_for_stack_and_copier = (CY_APP_FOR_STACK_AND_COPIER == 0x1)?0x1:0x0

.text           0x00000000     0x64fc
 CREATE_OBJECT_SYMBOLS
                0x00000000                PROVIDE (__cy_interrupt_vector, RomVectors)
 *(.romvectors)
 .romvectors    0x00000000       0x10 C:\Users\gjl\AppData\Local\Temp\cc40ErxV.ltrans0.ltrans.o
                0x00000000                RomVectors
                0x00000001                ASSERT ((. != __cy_interrupt_vector), No interrupt vector)
                0x00000001                ASSERT (CY_APPL_ORIGIN?(SIZEOF (.cybootloader) <= CY_APPL_ORIGIN):0x1, Wrong image location)
                0x00000010                PROVIDE (__cy_reset, Reset)
 *(.text.Reset)
 .text.Reset    0x00000010        0x6 C:\Users\gjl\AppData\Local\Temp\cc40ErxV.ltrans0.ltrans.o
                0x00000010                Reset
                0x00000001                ASSERT ((. != __cy_reset), No reset code)
 *(.psocinit)
                0x00000100                . = MAX (., 0x100)
 *fill*         0x00000016       0xea 
 *(.text .text.* .gnu.linkonce.t.*)
 .text          0x00000100       0x60 c:/program files (x86)/cypress/psoc creator/4.1/psoc creator/import/gnu/arm/5.4.1/bin/../lib/gcc/arm-none-eabi/5.4.1/armv6-m/crtbegin.o
 .text.u8x8_ascii_next
                0x00000160       0x14 C:\Users\gjl\AppData\Local\Temp\cc40ErxV.ltrans0.ltrans.o
                0x00000160                u8x8_ascii_next
 .text.u8x8_byte_EndTransfer
                0x00000174        0xe C:\Users\gjl\AppData\Local\Temp\cc40ErxV.ltrans0.ltrans.o
 .text.u8x8_byte_StartTransfer
                0x00000182        0xe C:\Users\gjl\AppData\Local\Temp\cc40ErxV.ltrans0.ltrans.o
 .text.u8x8_cad_EndTransfer
                0x00000190        0xe C:\Users\gjl\AppData\Local\Temp\cc40ErxV.ltrans0.ltrans.o
 .text.u8x8_cad_StartTransfer
                0x0000019e        0xe C:\Users\gjl\AppData\Local\Temp\cc40ErxV.ltrans0.ltrans.o
 .text.u8x8_cad_SendData
                0x000001ac        0xe C:\Users\gjl\AppData\Local\Temp\cc40ErxV.ltrans0.ltrans.o
 .text.u8x8_cad_SendArg
                0x000001ba        0xe C:\Users\gjl\AppData\Local\Temp\cc40ErxV.ltrans0.ltrans.o
 .text.u8x8_cad_SendCmd
                0x000001c8        0xe C:\Users\gjl\AppData\Local\Temp\cc40ErxV.ltrans0.ltrans.o
 .text.u8x8_gpio_call
                0x000001d6        0xa C:\Users\gjl\AppData\Local\Temp\cc40ErxV.ltrans0.ltrans.o
 .text.u8x8_cad_SendSequence
                0x000001e0       0x60 C:\Users\gjl\AppData\Local\Temp\cc40ErxV.ltrans0.ltrans.o
 .text.u8x8_d_ssd1306_128x64_noname
                0x00000240      0x13c C:\Users\gjl\AppData\Local\Temp\cc40ErxV.ltrans0.ltrans.o
 .text.sysTickISR
                0x0000037c       0x18 C:\Users\gjl\AppData\Local\Temp\cc40ErxV.ltrans0.ltrans.o
 .text.handleBaseSwitch
                0x00000394       0x40 C:\Users\gjl\AppData\Local\Temp\cc40ErxV.ltrans0.ltrans.o
 .text.IntDefaultHandler
                0x000003d4       0x10 C:\Users\gjl\AppData\Local\Temp\cc40ErxV.ltrans0.ltrans.o
 .text.u8x8_byte_SendByte
                0x000003e4       0x10 C:\Users\gjl\AppData\Local\Temp\cc40ErxV.ltrans0.ltrans.o
 .text.u8x8_i2c_data_transfer
                0x000003f4       0x28 C:\Users\gjl\AppData\Local\Temp\cc40ErxV.ltrans0.ltrans.o
 .text.u8x8_cad_ssd13xx_i2c
                0x0000041c       0x76 C:\Users\gjl\AppData\Local\Temp\cc40ErxV.ltrans0.ltrans.o
 *fill*         0x00000492        0x2 
 .text.psoc_gpio_and_delay_cb
                0x00000494       0x2c C:\Users\gjl\AppData\Local\Temp\cc40ErxV.ltrans0.ltrans.o
 .text.u8x8_byte_hw_i2c
                0x000004c0       0x58 C:\Users\gjl\AppData\Local\Temp\cc40ErxV.ltrans0.ltrans.o
 .text.switchScreen
                0x00000518       0x5c C:\Users\gjl\AppData\Local\Temp\cc40ErxV.ltrans0.ltrans.o
 .text.displayTestScreen
                0x00000574       0xe8 C:\Users\gjl\AppData\Local\Temp\cc40ErxV.ltrans0.ltrans.o
 .text.displayDataScreen2
                0x0000065c       0x58 C:\Users\gjl\AppData\Local\Temp\cc40ErxV.ltrans0.ltrans.o
 .text.displayDataScreen1
                0x000006b4      0x198 C:\Users\gjl\AppData\Local\Temp\cc40ErxV.ltrans0.ltrans.o
 .text.displayDataScreen0
                0x0000084c       0x80 C:\Users\gjl\AppData\Local\Temp\cc40ErxV.ltrans0.ltrans.o
 .text.startup.initialize_psoc
                0x000008cc      0x3e0 C:\Users\gjl\AppData\Local\Temp\cc40ErxV.ltrans0.ltrans.o
 .text._sbrk    0x00000cac       0x30 C:\Users\gjl\AppData\Local\Temp\cc40ErxV.ltrans0.ltrans.o
                0x00000cac                _sbrk
 .text.startup.main
                0x00000cdc      0x8d8 C:\Users\gjl\AppData\Local\Temp\cc40ErxV.ltrans0.ltrans.o
                0x00000cdc                main
 .text.Start_c  0x000015b4       0x48 C:\Users\gjl\AppData\Local\Temp\cc40ErxV.ltrans0.ltrans.o
 .text.u8x8_get_glyph_data.constprop.30
                0x000015fc       0x68 C:\Users\gjl\AppData\Local\Temp\cc40ErxV.ltrans1.ltrans.o
 .text.u8x8_draw_string.constprop.28
                0x00001664       0x70 C:\Users\gjl\AppData\Local\Temp\cc40ErxV.ltrans1.ltrans.o
 .text.I2C_I2C_ISR
                0x000016d4      0x2ec C:\Users\gjl\AppData\Local\Temp\cc40ErxV.ltrans1.ltrans.o
                0x000016d4                I2C_I2C_ISR
 .text.CySysTickServiceCallbacks.lto_priv.34
                0x000019c0       0x28 C:\Users\gjl\AppData\Local\Temp\cc40ErxV.ltrans1.ltrans.o
                0x000019c0                CySysTickServiceCallbacks.lto_priv.34
 .text.ADC_ISR  0x000019e8        0xc C:\Users\gjl\AppData\Local\Temp\cc40ErxV.ltrans1.ltrans.o
                0x000019e8                ADC_ISR
 .text.CySysWdtClearInterrupt
                0x000019f4       0x80 C:\Users\gjl\AppData\Local\Temp\cc40ErxV.ltrans1.ltrans.o
 .text.CySysWdtIsr
                0x00001a74       0x80 C:\Users\gjl\AppData\Local\Temp\cc40ErxV.ltrans1.ltrans.o
                0x00001a74                CySysWdtIsr
 .text.u8x8_DrawString.constprop.27
                0x00001af4       0x18 C:\Users\gjl\AppData\Local\Temp\cc40ErxV.ltrans1.ltrans.o
                0x00001af4                u8x8_DrawString.constprop.27
 .text.I2C_I2CMasterSendStart.constprop.23
                0x00001b0c       0xb4 C:\Users\gjl\AppData\Local\Temp\cc40ErxV.ltrans1.ltrans.o
                0x00001b0c                I2C_I2CMasterSendStart.constprop.23
 .text.u8x8_ClearDisplayWithTile.constprop.22
                0x00001bc0       0x3c C:\Users\gjl\AppData\Local\Temp\cc40ErxV.ltrans1.ltrans.o
                0x00001bc0                u8x8_ClearDisplayWithTile.constprop.22
 .text.u8x8_byte_SendBytes.constprop.4
                0x00001bfc        0xe C:\Users\gjl\AppData\Local\Temp\cc40ErxV.ltrans1.ltrans.o
                0x00001bfc                u8x8_byte_SendBytes.constprop.4
 *fill*         0x00001c0a        0x2 
 .text.CyDelay  0x00001c0c       0x30 C:\Users\gjl\AppData\Local\Temp\cc40ErxV.ltrans1.ltrans.o
                0x00001c0c                CyDelay
 .text.ADC_CountsTo_mVolts
                0x00001c3c       0x40 C:\Users\gjl\AppData\Local\Temp\cc40ErxV.ltrans1.ltrans.o
                0x00001c3c                ADC_CountsTo_mVolts
 .text.I2C_I2CMasterWriteByte.part.2.lto_priv.35
                0x00001c7c       0x80 C:\Users\gjl\AppData\Local\Temp\cc40ErxV.ltrans1.ltrans.o
                0x00001c7c                I2C_I2CMasterWriteByte.part.2.lto_priv.35
 .text.I2C_I2CMasterStatus
                0x00001cfc       0x2c C:\Users\gjl\AppData\Local\Temp\cc40ErxV.ltrans1.ltrans.o
                0x00001cfc                I2C_I2CMasterStatus
 .text.I2C_I2CMasterSendStop
                0x00001d28       0x88 C:\Users\gjl\AppData\Local\Temp\cc40ErxV.ltrans1.ltrans.o
                0x00001d28                I2C_I2CMasterSendStop
 .text          0x00001db0       0x20 .\CortexM0\ARM_GCC_541\Release\TestProgram4M.a(CyBootAsmGnu.o)
                0x00001db0                CyDelayCycles
                0x00001dc2                CyEnterCriticalSection
                0x00001dca                CyExitCriticalSection
 .text.__errno  0x00001dd0        0xc c:/program files (x86)/cypress/psoc creator/4.1/psoc creator/import/gnu/arm/5.4.1/bin/../lib/gcc/arm-none-eabi/5.4.1/../../../../arm-none-eabi/lib/armv6-m\libg_nano.a(lib_a-errno.o)
                0x00001dd0                __errno
 .text.__libc_init_array
                0x00001ddc       0x4c c:/program files (x86)/cypress/psoc creator/4.1/psoc creator/import/gnu/arm/5.4.1/bin/../lib/gcc/arm-none-eabi/5.4.1/../../../../arm-none-eabi/lib/armv6-m\libg_nano.a(lib_a-init.o)
                0x00001ddc                __libc_init_array
 .text.memset   0x00001e28       0x10 c:/program files (x86)/cypress/psoc creator/4.1/psoc creator/import/gnu/arm/5.4.1/bin/../lib/gcc/arm-none-eabi/5.4.1/../../../../arm-none-eabi/lib/armv6-m\libg_nano.a(lib_a-memset.o)
                0x00001e28                memset
 .text.__cvt    0x00001e38       0xca c:/program files (x86)/cypress/psoc creator/4.1/psoc creator/import/gnu/arm/5.4.1/bin/../lib/gcc/arm-none-eabi/5.4.1/../../../../arm-none-eabi/lib/armv6-m\libg_nano.a(lib_a-nano-vfprintf_float.o)
                0x00001e38                __cvt
 .text.__exponent
                0x00001f02       0x62 c:/program files (x86)/cypress/psoc creator/4.1/psoc creator/import/gnu/arm/5.4.1/bin/../lib/gcc/arm-none-eabi/5.4.1/../../../../arm-none-eabi/lib/armv6-m\libg_nano.a(lib_a-nano-vfprintf_float.o)
                0x00001f02                __exponent
 .text._printf_float
                0x00001f64      0x4a0 c:/program files (x86)/cypress/psoc creator/4.1/psoc creator/import/gnu/arm/5.4.1/bin/../lib/gcc/arm-none-eabi/5.4.1/../../../../arm-none-eabi/lib/armv6-m\libg_nano.a(lib_a-nano-vfprintf_float.o)
                0x00001f64                _printf_float
 .text._printf_common
                0x00002404       0xdc c:/program files (x86)/cypress/psoc creator/4.1/psoc creator/import/gnu/arm/5.4.1/bin/../lib/gcc/arm-none-eabi/5.4.1/../../../../arm-none-eabi/lib/armv6-m\libg_nano.a(lib_a-nano-vfprintf_i.o)
                0x00002404                _printf_common
 .text._printf_i
                0x000024e0      0x244 c:/program files (x86)/cypress/psoc creator/4.1/psoc creator/import/gnu/arm/5.4.1/bin/../lib/gcc/arm-none-eabi/5.4.1/../../../../arm-none-eabi/lib/armv6-m\libg_nano.a(lib_a-nano-vfprintf_i.o)
                0x000024e0                _printf_i
 .text          0x00002724        0xe c:/program files (x86)/cypress/psoc creator/4.1/psoc creator/import/gnu/arm/5.4.1/bin/../lib/gcc/arm-none-eabi/5.4.1/../../../../arm-none-eabi/lib/armv6-m\libg_nano.a(lib_a-strlen.o)
                0x00002724                strlen
 .text.quorem   0x00002732      0x10c c:/program files (x86)/cypress/psoc creator/4.1/psoc creator/import/gnu/arm/5.4.1/bin/../lib/gcc/arm-none-eabi/5.4.1/../../../../arm-none-eabi/lib/armv6-m\libg_nano.a(lib_a-dtoa.o)
 *fill*         0x0000283e        0x2 
 .text._dtoa_r  0x00002840      0xb8c c:/program files (x86)/cypress/psoc creator/4.1/psoc creator/import/gnu/arm/5.4.1/bin/../lib/gcc/arm-none-eabi/5.4.1/../../../../arm-none-eabi/lib/armv6-m\libg_nano.a(lib_a-dtoa.o)
                0x00002840                _dtoa_r
 .text._localeconv_r
                0x000033cc        0x8 c:/program files (x86)/cypress/psoc creator/4.1/psoc creator/import/gnu/arm/5.4.1/bin/../lib/gcc/arm-none-eabi/5.4.1/../../../../arm-none-eabi/lib/armv6-m\libg_nano.a(lib_a-locale.o)
                0x000033cc                _localeconv_r
 .text.malloc   0x000033d4       0x14 c:/program files (x86)/cypress/psoc creator/4.1/psoc creator/import/gnu/arm/5.4.1/bin/../lib/gcc/arm-none-eabi/5.4.1/../../../../arm-none-eabi/lib/armv6-m\libg_nano.a(lib_a-malloc.o)
                0x000033d4                malloc
 .text.memchr   0x000033e8       0x16 c:/program files (x86)/cypress/psoc creator/4.1/psoc creator/import/gnu/arm/5.4.1/bin/../lib/gcc/arm-none-eabi/5.4.1/../../../../arm-none-eabi/lib/armv6-m\libg_nano.a(lib_a-memchr-stub.o)
                0x000033e8                memchr
 .text.memcpy   0x000033fe       0x12 c:/program files (x86)/cypress/psoc creator/4.1/psoc creator/import/gnu/arm/5.4.1/bin/../lib/gcc/arm-none-eabi/5.4.1/../../../../arm-none-eabi/lib/armv6-m\libg_nano.a(lib_a-memcpy-stub.o)
                0x000033fe                memcpy
 .text._Balloc  0x00003410       0x70 c:/program files (x86)/cypress/psoc creator/4.1/psoc creator/import/gnu/arm/5.4.1/bin/../lib/gcc/arm-none-eabi/5.4.1/../../../../arm-none-eabi/lib/armv6-m\libg_nano.a(lib_a-mprec.o)
                0x00003410                _Balloc
 .text._Bfree   0x00003480       0x32 c:/program files (x86)/cypress/psoc creator/4.1/psoc creator/import/gnu/arm/5.4.1/bin/../lib/gcc/arm-none-eabi/5.4.1/../../../../arm-none-eabi/lib/armv6-m\libg_nano.a(lib_a-mprec.o)
                0x00003480                _Bfree
 .text.__multadd
                0x000034b2       0x7a c:/program files (x86)/cypress/psoc creator/4.1/psoc creator/import/gnu/arm/5.4.1/bin/../lib/gcc/arm-none-eabi/5.4.1/../../../../arm-none-eabi/lib/armv6-m\libg_nano.a(lib_a-mprec.o)
                0x000034b2                __multadd
 .text.__hi0bits
                0x0000352c       0x36 c:/program files (x86)/cypress/psoc creator/4.1/psoc creator/import/gnu/arm/5.4.1/bin/../lib/gcc/arm-none-eabi/5.4.1/../../../../arm-none-eabi/lib/armv6-m\libg_nano.a(lib_a-mprec.o)
                0x0000352c                __hi0bits
 .text.__lo0bits
                0x00003562       0x5e c:/program files (x86)/cypress/psoc creator/4.1/psoc creator/import/gnu/arm/5.4.1/bin/../lib/gcc/arm-none-eabi/5.4.1/../../../../arm-none-eabi/lib/armv6-m\libg_nano.a(lib_a-mprec.o)
                0x00003562                __lo0bits
 .text.__i2b    0x000035c0       0x12 c:/program files (x86)/cypress/psoc creator/4.1/psoc creator/import/gnu/arm/5.4.1/bin/../lib/gcc/arm-none-eabi/5.4.1/../../../../arm-none-eabi/lib/armv6-m\libg_nano.a(lib_a-mprec.o)
                0x000035c0                __i2b
 .text.__multiply
                0x000035d2      0x112 c:/program files (x86)/cypress/psoc creator/4.1/psoc creator/import/gnu/arm/5.4.1/bin/../lib/gcc/arm-none-eabi/5.4.1/../../../../arm-none-eabi/lib/armv6-m\libg_nano.a(lib_a-mprec.o)
                0x000035d2                __multiply
 .text.__pow5mult
                0x000036e4       0xa8 c:/program files (x86)/cypress/psoc creator/4.1/psoc creator/import/gnu/arm/5.4.1/bin/../lib/gcc/arm-none-eabi/5.4.1/../../../../arm-none-eabi/lib/armv6-m\libg_nano.a(lib_a-mprec.o)
                0x000036e4                __pow5mult
 .text.__lshift
                0x0000378c       0xa4 c:/program files (x86)/cypress/psoc creator/4.1/psoc creator/import/gnu/arm/5.4.1/bin/../lib/gcc/arm-none-eabi/5.4.1/../../../../arm-none-eabi/lib/armv6-m\libg_nano.a(lib_a-mprec.o)
                0x0000378c                __lshift
 .text.__mcmp   0x00003830       0x36 c:/program files (x86)/cypress/psoc creator/4.1/psoc creator/import/gnu/arm/5.4.1/bin/../lib/gcc/arm-none-eabi/5.4.1/../../../../arm-none-eabi/lib/armv6-m\libg_nano.a(lib_a-mprec.o)
                0x00003830                __mcmp
 .text.__mdiff  0x00003866       0xd6 c:/program files (x86)/cypress/psoc creator/4.1/psoc creator/import/gnu/arm/5.4.1/bin/../lib/gcc/arm-none-eabi/5.4.1/../../../../arm-none-eabi/lib/armv6-m\libg_nano.a(lib_a-mprec.o)
                0x00003866                __mdiff
 .text.__d2b    0x0000393c       0xa8 c:/program files (x86)/cypress/psoc creator/4.1/psoc creator/import/gnu/arm/5.4.1/bin/../lib/gcc/arm-none-eabi/5.4.1/../../../../arm-none-eabi/lib/armv6-m\libg_nano.a(lib_a-mprec.o)
                0x0000393c                __d2b
 .text._calloc_r
                0x000039e4       0x1c c:/program files (x86)/cypress/psoc creator/4.1/psoc creator/import/gnu/arm/5.4.1/bin/../lib/gcc/arm-none-eabi/5.4.1/../../../../arm-none-eabi/lib/armv6-m\libg_nano.a(lib_a-nano-callocr.o)
                0x000039e4                _calloc_r
 .text._free_r  0x00003a00       0x98 c:/program files (x86)/cypress/psoc creator/4.1/psoc creator/import/gnu/arm/5.4.1/bin/../lib/gcc/arm-none-eabi/5.4.1/../../../../arm-none-eabi/lib/armv6-m\libg_nano.a(lib_a-nano-freer.o)
                0x00003a00                _free_r
 .text._malloc_r
                0x00003a98       0xc0 c:/program files (x86)/cypress/psoc creator/4.1/psoc creator/import/gnu/arm/5.4.1/bin/../lib/gcc/arm-none-eabi/5.4.1/../../../../arm-none-eabi/lib/armv6-m\libg_nano.a(lib_a-nano-mallocr.o)
                0x00003a98                _malloc_r
 .text._sbrk_r  0x00003b58       0x24 c:/program files (x86)/cypress/psoc creator/4.1/psoc creator/import/gnu/arm/5.4.1/bin/../lib/gcc/arm-none-eabi/5.4.1/../../../../arm-none-eabi/lib/armv6-m\libg_nano.a(lib_a-sbrkr.o)
                0x00003b58                _sbrk_r
 .text.__malloc_lock
                0x00003b7c        0x2 c:/program files (x86)/cypress/psoc creator/4.1/psoc creator/import/gnu/arm/5.4.1/bin/../lib/gcc/arm-none-eabi/5.4.1/../../../../arm-none-eabi/lib/armv6-m\libg_nano.a(lib_a-mlock.o)
                0x00003b7c                __malloc_lock
 .text.__malloc_unlock
                0x00003b7e        0x2 c:/program files (x86)/cypress/psoc creator/4.1/psoc creator/import/gnu/arm/5.4.1/bin/../lib/gcc/arm-none-eabi/5.4.1/../../../../arm-none-eabi/lib/armv6-m\libg_nano.a(lib_a-mlock.o)
                0x00003b7e                __malloc_unlock
 .text          0x00003b80       0x14 c:/program files (x86)/cypress/psoc creator/4.1/psoc creator/import/gnu/arm/5.4.1/bin/../lib/gcc/arm-none-eabi/5.4.1/armv6-m\libgcc.a(_thumb1_case_uqi.o)
                0x00003b80                __gnu_thumb1_case_uqi
 .text          0x00003b94      0x114 c:/program files (x86)/cypress/psoc creator/4.1/psoc creator/import/gnu/arm/5.4.1/bin/../lib/gcc/arm-none-eabi/5.4.1/armv6-m\libgcc.a(_udivsi3.o)
                0x00003b94                __aeabi_uidiv
                0x00003b94                __udivsi3
                0x00003ca0                __aeabi_uidivmod
 .text          0x00003ca8      0x1d4 c:/program files (x86)/cypress/psoc creator/4.1/psoc creator/import/gnu/arm/5.4.1/bin/../lib/gcc/arm-none-eabi/5.4.1/armv6-m\libgcc.a(_divsi3.o)
                0x00003ca8                __divsi3
                0x00003ca8                __aeabi_idiv
                0x00003e74                __aeabi_idivmod
 .text          0x00003e7c        0x4 c:/program files (x86)/cypress/psoc creator/4.1/psoc creator/import/gnu/arm/5.4.1/bin/../lib/gcc/arm-none-eabi/5.4.1/armv6-m\libgcc.a(_dvmd_tls.o)
                0x00003e7c                __aeabi_idiv0
                0x00003e7c                __aeabi_ldiv0
 .text          0x00003e80       0x7c c:/program files (x86)/cypress/psoc creator/4.1/psoc creator/import/gnu/arm/5.4.1/bin/../lib/gcc/arm-none-eabi/5.4.1/armv6-m\libgcc.a(_arm_cmpdf2.o)
                0x00003e80                __aeabi_cdrcmple
                0x00003e90                __aeabi_cdcmple
                0x00003e90                __aeabi_cdcmpeq
                0x00003ea0                __aeabi_dcmpeq
                0x00003eac                __aeabi_dcmplt
                0x00003ec0                __aeabi_dcmple
                0x00003ed4                __aeabi_dcmpgt
                0x00003ee8                __aeabi_dcmpge
 .text          0x00003efc      0x658 c:/program files (x86)/cypress/psoc creator/4.1/psoc creator/import/gnu/arm/5.4.1/bin/../lib/gcc/arm-none-eabi/5.4.1/armv6-m\libgcc.a(adddf3.o)
                0x00003efc                __aeabi_dadd
 .text          0x00004554      0x62c c:/program files (x86)/cypress/psoc creator/4.1/psoc creator/import/gnu/arm/5.4.1/bin/../lib/gcc/arm-none-eabi/5.4.1/armv6-m\libgcc.a(divdf3.o)
                0x00004554                __aeabi_ddiv
 .text          0x00004b80       0x80 c:/program files (x86)/cypress/psoc creator/4.1/psoc creator/import/gnu/arm/5.4.1/bin/../lib/gcc/arm-none-eabi/5.4.1/armv6-m\libgcc.a(eqdf2.o)
                0x00004b80                __nedf2
                0x00004b80                __eqdf2
 .text          0x00004c00       0xc8 c:/program files (x86)/cypress/psoc creator/4.1/psoc creator/import/gnu/arm/5.4.1/bin/../lib/gcc/arm-none-eabi/5.4.1/armv6-m\libgcc.a(gedf2.o)
                0x00004c00                __gedf2
                0x00004c00                __gtdf2
 .text          0x00004cc8       0xd4 c:/program files (x86)/cypress/psoc creator/4.1/psoc creator/import/gnu/arm/5.4.1/bin/../lib/gcc/arm-none-eabi/5.4.1/armv6-m\libgcc.a(ledf2.o)
                0x00004cc8                __ledf2
                0x00004cc8                __ltdf2
 .text          0x00004d9c      0x4f4 c:/program files (x86)/cypress/psoc creator/4.1/psoc creator/import/gnu/arm/5.4.1/bin/../lib/gcc/arm-none-eabi/5.4.1/armv6-m\libgcc.a(muldf3.o)
                0x00004d9c                __aeabi_dmul
 .text          0x00005290      0x6a8 c:/program files (x86)/cypress/psoc creator/4.1/psoc creator/import/gnu/arm/5.4.1/bin/../lib/gcc/arm-none-eabi/5.4.1/armv6-m\libgcc.a(subdf3.o)
                0x00005290                __aeabi_dsub
 .text          0x00005938       0x40 c:/program files (x86)/cypress/psoc creator/4.1/psoc creator/import/gnu/arm/5.4.1/bin/../lib/gcc/arm-none-eabi/5.4.1/armv6-m\libgcc.a(unorddf2.o)
                0x00005938                __aeabi_dcmpun
 .text          0x00005978       0x6c c:/program files (x86)/cypress/psoc creator/4.1/psoc creator/import/gnu/arm/5.4.1/bin/../lib/gcc/arm-none-eabi/5.4.1/armv6-m\libgcc.a(fixdfsi.o)
                0x00005978                __aeabi_d2iz
 .text          0x000059e4       0x84 c:/program files (x86)/cypress/psoc creator/4.1/psoc creator/import/gnu/arm/5.4.1/bin/../lib/gcc/arm-none-eabi/5.4.1/armv6-m\libgcc.a(floatsidf.o)
                0x000059e4                __aeabi_i2d
 .text          0x00005a68       0x70 c:/program files (x86)/cypress/psoc creator/4.1/psoc creator/import/gnu/arm/5.4.1/bin/../lib/gcc/arm-none-eabi/5.4.1/armv6-m\libgcc.a(floatunsidf.o)
                0x00005a68                __aeabi_ui2d
 .text          0x00005ad8       0x3c c:/program files (x86)/cypress/psoc creator/4.1/psoc creator/import/gnu/arm/5.4.1/bin/../lib/gcc/arm-none-eabi/5.4.1/armv6-m\libgcc.a(_clzsi2.o)
                0x00005ad8                __clzsi2
 .text          0x00005b14       0x74 c:/program files (x86)/cypress/psoc creator/4.1/psoc creator/import/gnu/arm/5.4.1/bin/../lib/gcc/arm-none-eabi/5.4.1/armv6-m\libgcc.a(_arm_cmpsf2.o)
                0x00005b14                __aeabi_cfrcmple
                0x00005b1c                __aeabi_cfcmpeq
                0x00005b1c                __aeabi_cfcmple
                0x00005b2c                __aeabi_fcmpeq
                0x00005b38                __aeabi_fcmplt
                0x00005b4c                __aeabi_fcmple
                0x00005b60                __aeabi_fcmpgt
                0x00005b74                __aeabi_fcmpge
 .text          0x00005b88      0x234 c:/program files (x86)/cypress/psoc creator/4.1/psoc creator/import/gnu/arm/5.4.1/bin/../lib/gcc/arm-none-eabi/5.4.1/armv6-m\libgcc.a(divsf3.o)
                0x00005b88                __aeabi_fdiv
 .text          0x00005dbc       0x50 c:/program files (x86)/cypress/psoc creator/4.1/psoc creator/import/gnu/arm/5.4.1/bin/../lib/gcc/arm-none-eabi/5.4.1/armv6-m\libgcc.a(eqsf2.o)
                0x00005dbc                __eqsf2
                0x00005dbc                __nesf2
 .text          0x00005e0c       0x88 c:/program files (x86)/cypress/psoc creator/4.1/psoc creator/import/gnu/arm/5.4.1/bin/../lib/gcc/arm-none-eabi/5.4.1/armv6-m\libgcc.a(gesf2.o)
                0x00005e0c                __gesf2
                0x00005e0c                __gtsf2
 .text          0x00005e94       0x88 c:/program files (x86)/cypress/psoc creator/4.1/psoc creator/import/gnu/arm/5.4.1/bin/../lib/gcc/arm-none-eabi/5.4.1/armv6-m\libgcc.a(lesf2.o)
                0x00005e94                __ltsf2
                0x00005e94                __lesf2
 .text          0x00005f1c       0x90 c:/program files (x86)/cypress/psoc creator/4.1/psoc creator/import/gnu/arm/5.4.1/bin/../lib/gcc/arm-none-eabi/5.4.1/armv6-m\libgcc.a(floatsisf.o)
                0x00005f1c                __aeabi_i2f
 .text          0x00005fac       0xa8 c:/program files (x86)/cypress/psoc creator/4.1/psoc creator/import/gnu/arm/5.4.1/bin/../lib/gcc/arm-none-eabi/5.4.1/armv6-m\libgcc.a(extendsfdf2.o)
                0x00005fac                __aeabi_f2d
 .text          0x00006054      0x118 c:/program files (x86)/cypress/psoc creator/4.1/psoc creator/import/gnu/arm/5.4.1/bin/../lib/gcc/arm-none-eabi/5.4.1/armv6-m\libgcc.a(truncdfsf2.o)
                0x00006054                __aeabi_d2f
 .text.sprintf  0x0000616c       0x44 c:/program files (x86)/cypress/psoc creator/4.1/psoc creator/import/gnu/arm/5.4.1/bin/../lib/gcc/arm-none-eabi/5.4.1/../../../../arm-none-eabi/lib/armv6-m\libg_nano.a(lib_a-sprintf.o)
                0x0000616c                siprintf
                0x0000616c                sprintf
 .text.__ssputs_r
                0x000061b0       0xc4 c:/program files (x86)/cypress/psoc creator/4.1/psoc creator/import/gnu/arm/5.4.1/bin/../lib/gcc/arm-none-eabi/5.4.1/../../../../arm-none-eabi/lib/armv6-m\libg_nano.a(lib_a-nano-svfprintf.o)
                0x000061b0                __ssputs_r
 .text._svfprintf_r
                0x00006274      0x1fc c:/program files (x86)/cypress/psoc creator/4.1/psoc creator/import/gnu/arm/5.4.1/bin/../lib/gcc/arm-none-eabi/5.4.1/../../../../arm-none-eabi/lib/armv6-m\libg_nano.a(lib_a-nano-svfprintf.o)
                0x00006274                _svfiprintf_r
                0x00006274                _svfprintf_r
 .text.memmove  0x00006470       0x2a c:/program files (x86)/cypress/psoc creator/4.1/psoc creator/import/gnu/arm/5.4.1/bin/../lib/gcc/arm-none-eabi/5.4.1/../../../../arm-none-eabi/lib/armv6-m\libg_nano.a(lib_a-memmove.o)
                0x00006470                memmove
 .text._realloc_r
                0x0000649a       0x4c c:/program files (x86)/cypress/psoc creator/4.1/psoc creator/import/gnu/arm/5.4.1/bin/../lib/gcc/arm-none-eabi/5.4.1/../../../../arm-none-eabi/lib/armv6-m\libg_nano.a(lib_a-nano-reallocr.o)
                0x0000649a                _realloc_r
 .text._malloc_usable_size_r
                0x000064e6       0x16 c:/program files (x86)/cypress/psoc creator/4.1/psoc creator/import/gnu/arm/5.4.1/bin/../lib/gcc/arm-none-eabi/5.4.1/../../../../arm-none-eabi/lib/armv6-m\libg_nano.a(lib_a-nano-msizer.o)
                0x000064e6                _malloc_usable_size_r
 *(.plt)
 *(.gnu.warning)
 *(.glue_7t)
 .glue_7t       0x000064fc        0x0 linker stubs
 *(.glue_7)
 .glue_7        0x000064fc        0x0 linker stubs
 *(.vfp11_veneer)
 .vfp11_veneer  0x000064fc        0x0 linker stubs
 *(.bootloader)
 *(.ARM.extab* .gnu.linkonce.armextab.*)
 *(.gcc_except_table)

.v4_bx          0x000064fc        0x0
 .v4_bx         0x000064fc        0x0 linker stubs

.iplt           0x000064fc        0x0
 .iplt          0x000064fc        0x0 c:/program files (x86)/cypress/psoc creator/4.1/psoc creator/import/gnu/arm/5.4.1/bin/../lib/gcc/arm-none-eabi/5.4.1/armv6-m/crtbegin.o

.eh_frame_hdr
 *(.eh_frame_hdr)

.eh_frame       0x000064fc        0x4
 *(.eh_frame)
 .eh_frame      0x000064fc        0x0 c:/program files (x86)/cypress/psoc creator/4.1/psoc creator/import/gnu/arm/5.4.1/bin/../lib/gcc/arm-none-eabi/5.4.1/armv6-m/crtbegin.o
 .eh_frame      0x000064fc        0x4 c:/program files (x86)/cypress/psoc creator/4.1/psoc creator/import/gnu/arm/5.4.1/bin/../lib/gcc/arm-none-eabi/5.4.1/armv6-m/crtend.o
                [!provide]                PROVIDE (__exidx_start, .)

.ARM.exidx
 *(.ARM.exidx* .gnu.linkonce.armexidx.*)
                0x00006500                __exidx_end = .

.rodata         0x00006500      0xbd0
 *(.rodata .rodata.* .gnu.linkonce.r.*)
 .rodata        0x00006500      0x81d C:\Users\gjl\AppData\Local\Temp\cc40ErxV.ltrans0.ltrans.o
 .rodata.str1.1
                0x00006d1d      0x11b C:\Users\gjl\AppData\Local\Temp\cc40ErxV.ltrans0.ltrans.o
 .rodata.str1.1
                0x00006e38        0x0 c:/program files (x86)/cypress/psoc creator/4.1/psoc creator/import/gnu/arm/5.4.1/bin/../lib/gcc/arm-none-eabi/5.4.1/../../../../arm-none-eabi/lib/armv6-m\libg_nano.a(lib_a-impure.o)
                                  0x2 (size before relaxing)
 .rodata.str1.1
                0x00006e38       0x12 c:/program files (x86)/cypress/psoc creator/4.1/psoc creator/import/gnu/arm/5.4.1/bin/../lib/gcc/arm-none-eabi/5.4.1/../../../../arm-none-eabi/lib/armv6-m\libg_nano.a(lib_a-nano-vfprintf_float.o)
 .rodata.str1.1
                0x00006e4a       0x22 c:/program files (x86)/cypress/psoc creator/4.1/psoc creator/import/gnu/arm/5.4.1/bin/../lib/gcc/arm-none-eabi/5.4.1/../../../../arm-none-eabi/lib/armv6-m\libg_nano.a(lib_a-nano-vfprintf_i.o)
 .rodata.str1.1
                0x00006e6c        0xd c:/program files (x86)/cypress/psoc creator/4.1/psoc creator/import/gnu/arm/5.4.1/bin/../lib/gcc/arm-none-eabi/5.4.1/../../../../arm-none-eabi/lib/armv6-m\libg_nano.a(lib_a-dtoa.o)
                                  0xf (size before relaxing)
 .rodata.str1.1
                0x00006e79        0x8 c:/program files (x86)/cypress/psoc creator/4.1/psoc creator/import/gnu/arm/5.4.1/bin/../lib/gcc/arm-none-eabi/5.4.1/../../../../arm-none-eabi/lib/armv6-m\libg_nano.a(lib_a-locale.o)
                                  0xb (size before relaxing)
 *fill*         0x00006e81        0x7 
 .rodata.__mprec_tens
                0x00006e88       0xc8 c:/program files (x86)/cypress/psoc creator/4.1/psoc creator/import/gnu/arm/5.4.1/bin/../lib/gcc/arm-none-eabi/5.4.1/../../../../arm-none-eabi/lib/armv6-m\libg_nano.a(lib_a-mprec.o)
                0x00006e88                __mprec_tens
 .rodata.p05.5408
                0x00006f50        0xc c:/program files (x86)/cypress/psoc creator/4.1/psoc creator/import/gnu/arm/5.4.1/bin/../lib/gcc/arm-none-eabi/5.4.1/../../../../arm-none-eabi/lib/armv6-m\libg_nano.a(lib_a-mprec.o)
 *fill*         0x00006f5c        0x4 
 .rodata.__mprec_bigtens
                0x00006f60       0x28 c:/program files (x86)/cypress/psoc creator/4.1/psoc creator/import/gnu/arm/5.4.1/bin/../lib/gcc/arm-none-eabi/5.4.1/../../../../arm-none-eabi/lib/armv6-m\libg_nano.a(lib_a-mprec.o)
                0x00006f60                __mprec_bigtens
 .rodata        0x00006f88       0x40 c:/program files (x86)/cypress/psoc creator/4.1/psoc creator/import/gnu/arm/5.4.1/bin/../lib/gcc/arm-none-eabi/5.4.1/armv6-m\libgcc.a(divdf3.o)
 .rodata        0x00006fc8       0x40 c:/program files (x86)/cypress/psoc creator/4.1/psoc creator/import/gnu/arm/5.4.1/bin/../lib/gcc/arm-none-eabi/5.4.1/armv6-m\libgcc.a(muldf3.o)
 .rodata        0x00007008       0x80 c:/program files (x86)/cypress/psoc creator/4.1/psoc creator/import/gnu/arm/5.4.1/bin/../lib/gcc/arm-none-eabi/5.4.1/armv6-m\libgcc.a(divsf3.o)
 .rodata.str1.1
                0x00007088       0x11 c:/program files (x86)/cypress/psoc creator/4.1/psoc creator/import/gnu/arm/5.4.1/bin/../lib/gcc/arm-none-eabi/5.4.1/../../../../arm-none-eabi/lib/armv6-m\libg_nano.a(lib_a-nano-svfprintf.o)
                0x0000709c                . = ALIGN (0x4)
 *fill*         0x00007099        0x3 
 *(.init)
 .init          0x0000709c        0x4 c:/program files (x86)/cypress/psoc creator/4.1/psoc creator/import/gnu/arm/5.4.1/bin/../lib/gcc/arm-none-eabi/5.4.1/armv6-m/crti.o
                0x0000709c                _init
 .init          0x000070a0        0x8 c:/program files (x86)/cypress/psoc creator/4.1/psoc creator/import/gnu/arm/5.4.1/bin/../lib/gcc/arm-none-eabi/5.4.1/armv6-m/crtn.o
                0x000070a8                . = ALIGN (0x4)
                0x000070a8                __preinit_array_start = .
 *(.preinit_array)
                0x000070a8                __preinit_array_end = .
                0x000070a8                . = ALIGN (0x4)
                0x000070a8                __init_array_start = .
 *(SORT(.init_array.*))
 *(.init_array)
 .init_array    0x000070a8        0x4 c:/program files (x86)/cypress/psoc creator/4.1/psoc creator/import/gnu/arm/5.4.1/bin/../lib/gcc/arm-none-eabi/5.4.1/armv6-m/crtbegin.o
 .init_array    0x000070ac        0x4 C:\Users\gjl\AppData\Local\Temp\cc40ErxV.ltrans0.ltrans.o
                0x000070b0                __init_array_end = .
                0x000070b0                . = ALIGN (0x4)
 *(.fini)
 .fini          0x000070b0        0x4 c:/program files (x86)/cypress/psoc creator/4.1/psoc creator/import/gnu/arm/5.4.1/bin/../lib/gcc/arm-none-eabi/5.4.1/armv6-m/crti.o
                0x000070b0                _fini
 .fini          0x000070b4        0x8 c:/program files (x86)/cypress/psoc creator/4.1/psoc creator/import/gnu/arm/5.4.1/bin/../lib/gcc/arm-none-eabi/5.4.1/armv6-m/crtn.o
                0x000070bc                . = ALIGN (0x4)
                0x000070bc                __fini_array_start = .
 *(.fini_array)
 .fini_array    0x000070bc        0x4 c:/program files (x86)/cypress/psoc creator/4.1/psoc creator/import/gnu/arm/5.4.1/bin/../lib/gcc/arm-none-eabi/5.4.1/armv6-m/crtbegin.o
 *(SORT(.fini_array.*))
                0x000070c0                __fini_array_end = .
                0x000070c0                . = ALIGN (0x4)
 *crtbegin.o(.ctors)
 *(EXCLUDE_FILE(*crtend.o) .ctors)
 *(SORT(.ctors.*))
 *crtend.o(.ctors)
                0x000070c0                . = ALIGN (0x4)
 *crtbegin.o(.dtors)
 *(EXCLUDE_FILE(*crtend.o) .dtors)
 *(SORT(.dtors.*))
 *crtend.o(.dtors)
                0x000070c0                . = ALIGN (0x4)
                0x000070c0                __cy_regions = .
                0x000070c0        0x4 LONG 0x70d0 __cy_region_init_ram
                0x000070c4        0x4 LONG 0x200000c0 __cy_region_start_data
                0x000070c8        0x4 LONG 0xc0 __cy_region_init_size_ram
                0x000070cc        0x4 LONG 0x120 __cy_region_zero_size_ram
                0x000070d0                __cy_regions_end = .
                0x000070d0                . = ALIGN (0x8)
                0x000070d0                _etext = .

.cy_checksum_exclude
                0x000070d0        0x0
 *(.cy_checksum_exclude)

.ramvectors     0x20000000       0xc0
                0x20000000                __cy_region_start_ram = .
 *(.ramvectors)
 .ramvectors    0x20000000       0xc0 C:\Users\gjl\AppData\Local\Temp\cc40ErxV.ltrans0.ltrans.o
                0x20000000                CyRamVectors

.noinit
 *(.noinit)

.data           0x200000c0       0xc0 load address 0x000070d0
                0x200000c0                __cy_region_start_data = .
 *(.jcr)
 .jcr           0x200000c0        0x0 c:/program files (x86)/cypress/psoc creator/4.1/psoc creator/import/gnu/arm/5.4.1/bin/../lib/gcc/arm-none-eabi/5.4.1/armv6-m/crtbegin.o
 .jcr           0x200000c0        0x4 c:/program files (x86)/cypress/psoc creator/4.1/psoc creator/import/gnu/arm/5.4.1/bin/../lib/gcc/arm-none-eabi/5.4.1/armv6-m/crtend.o
 *(.got.plt)
 *(.got)
 *(.shdata)
 *(.data .data.* .gnu.linkonce.d.*)
 .data          0x200000c4       0x1a C:\Users\gjl\AppData\Local\Temp\cc40ErxV.ltrans0.ltrans.o
 *fill*         0x200000de        0x2 
 .data          0x200000e0        0x4 C:\Users\gjl\AppData\Local\Temp\cc40ErxV.ltrans1.ltrans.o
 .data.impure_data
                0x200000e4       0x60 c:/program files (x86)/cypress/psoc creator/4.1/psoc creator/import/gnu/arm/5.4.1/bin/../lib/gcc/arm-none-eabi/5.4.1/../../../../arm-none-eabi/lib/armv6-m\libg_nano.a(lib_a-impure.o)
 .data._impure_ptr
                0x20000144        0x4 c:/program files (x86)/cypress/psoc creator/4.1/psoc creator/import/gnu/arm/5.4.1/bin/../lib/gcc/arm-none-eabi/5.4.1/../../../../arm-none-eabi/lib/armv6-m\libg_nano.a(lib_a-impure.o)
                0x20000144                _impure_ptr
 .data.lconv    0x20000148       0x38 c:/program files (x86)/cypress/psoc creator/4.1/psoc creator/import/gnu/arm/5.4.1/bin/../lib/gcc/arm-none-eabi/5.4.1/../../../../arm-none-eabi/lib/armv6-m\libg_nano.a(lib_a-locale.o)
                0x20000180                . = ALIGN (0x8)
 *(.ram)
                0x20000180                _edata = .

.igot.plt       0x20000180        0x0 load address 0x00007190
 .igot.plt      0x20000180        0x0 c:/program files (x86)/cypress/psoc creator/4.1/psoc creator/import/gnu/arm/5.4.1/bin/../lib/gcc/arm-none-eabi/5.4.1/armv6-m/crtbegin.o

.bss            0x20000180      0x120 load address 0x00007190
                0x20000180                PROVIDE (__bss_start__, .)
 *(.shbss)
 *(.bss .bss.* .gnu.linkonce.b.*)
 .bss           0x20000180       0x1c c:/program files (x86)/cypress/psoc creator/4.1/psoc creator/import/gnu/arm/5.4.1/bin/../lib/gcc/arm-none-eabi/5.4.1/armv6-m/crtbegin.o
 .bss           0x2000019c       0x7a C:\Users\gjl\AppData\Local\Temp\cc40ErxV.ltrans0.ltrans.o
 *fill*         0x20000216        0x2 
 .bss           0x20000218       0x7c C:\Users\gjl\AppData\Local\Temp\cc40ErxV.ltrans1.ltrans.o
                0x20000218                u8x8
                0x20000244                I2C_state
                0x20000246                I2C_mstrStatus
                0x20000248                I2C_mstrWrBufSize
                0x2000024c                I2C_mstrRdBufSize
                0x20000250                I2C_mstrRdBufIndex
                0x20000254                I2C_mstrRdBufPtr
                0x20000258                I2C_mstrWrBufIndexTmp
                0x2000025c                I2C_mstrWrBufIndex
                0x20000260                I2C_mstrWrBufPtr
                0x20000264                I2C_mstrControl
                0x20000268                CySysTickCallbacks.lto_priv.33
                0x20000280                ADC_offset
                0x20000288                ADC_countsPer10Volt
 .bss.__malloc_sbrk_start
                0x20000294        0x4 c:/program files (x86)/cypress/psoc creator/4.1/psoc creator/import/gnu/arm/5.4.1/bin/../lib/gcc/arm-none-eabi/5.4.1/../../../../arm-none-eabi/lib/armv6-m\libg_nano.a(lib_a-nano-mallocr.o)
                0x20000294                __malloc_sbrk_start
 .bss.__malloc_free_list
                0x20000298        0x4 c:/program files (x86)/cypress/psoc creator/4.1/psoc creator/import/gnu/arm/5.4.1/bin/../lib/gcc/arm-none-eabi/5.4.1/../../../../arm-none-eabi/lib/armv6-m\libg_nano.a(lib_a-nano-mallocr.o)
                0x20000298                __malloc_free_list
 *(COMMON)
 COMMON         0x2000029c        0x4 c:/program files (x86)/cypress/psoc creator/4.1/psoc creator/import/gnu/arm/5.4.1/bin/../lib/gcc/arm-none-eabi/5.4.1/../../../../arm-none-eabi/lib/armv6-m\libg_nano.a(lib_a-reent.o)
                0x2000029c                errno
                0x200002a0                . = ALIGN (0x8)
 *(.ram.b)
                0x200002a0                _end = .
                0x200002a0                __end = .
                0x200002a0                PROVIDE (end, .)
                0x200002a0                PROVIDE (__bss_end__, .)
                0x000070d0                __cy_region_init_ram = LOADADDR (.data)
                0x000000c0                __cy_region_init_size_ram = (_edata - ADDR (.data))
                0x00000120                __cy_region_zero_size_ram = (_end - _edata)

.heap           0x200002a0     0x1000 load address 0x00007190
                0x200002a0                . = _end
                0x200012a0                . = (. + 0x1000)
 *fill*         0x200002a0     0x1000 
                0x200012a0                __cy_heap_limit = .

.stack          0x20003000     0x1000
                0x20003000                __cy_stack_limit = .
                0x20004000                . = (. + 0x1000)
 *fill*         0x20003000     0x1000 
                0x00000001                ASSERT ((__cy_stack_limit >= __cy_heap_limit), region RAM overflowed with stack)
                0x00000000                cy_checksum_exclude_size = (CY_APPL_LOADABLE == 0x1)?SIZEOF (.cy_checksum_exclude):0x0
                0x00000001                ASSERT ((cy_checksum_exclude_size <= CY_CHECKSUM_EXCLUDE_SIZE), CY_BOOT: Section .cy_checksum_exclude size exceedes specified limit.)
                0x0001ffc0                cyloadermeta_start = (cy_project_type_bootloader || cy_project_type_app_for_stack_and_copier)?(LENGTH (rom) - CY_METADATA_SIZE):0xf0000000

.cyloadermeta
 *(.cyloadermeta)
                0x0001ffc0                cyloadablemeta_start = cy_project_type_app_for_stack_and_copier?((LENGTH (rom) - CY_FLASH_ROW_SIZE) - CY_METADATA_SIZE):((LENGTH (rom) - (CY_FLASH_ROW_SIZE * (CY_APPL_NUM - 0x1))) - CY_METADATA_SIZE)

.cyloadablemeta
 *(.cyloadablemeta)

.cyflashprotect
                0x90400000       0x80
 *(.cyflashprotect)
 .cyflashprotect
                0x90400000       0x80 C:\Users\gjl\AppData\Local\Temp\cc40ErxV.ltrans0.ltrans.o
                0x90400000                cy_meta_flashprotect

.cymeta         0x90500000        0xc
 *(.cymeta)
 .cymeta        0x90500000        0xc C:\Users\gjl\AppData\Local\Temp\cc40ErxV.ltrans0.ltrans.o
                0x90500000                cy_metadata

.cychipprotect  0x90600000        0x1
 *(.cychipprotect)
 .cychipprotect
                0x90600000        0x1 C:\Users\gjl\AppData\Local\Temp\cc40ErxV.ltrans0.ltrans.o
                0x90600000                cy_meta_chipprotect

.rel.dyn        0x00007190        0x0 load address 0x90600004
 .rel.iplt      0x00007190        0x0 c:/program files (x86)/cypress/psoc creator/4.1/psoc creator/import/gnu/arm/5.4.1/bin/../lib/gcc/arm-none-eabi/5.4.1/armv6-m/crtbegin.o

.stab
 *(.stab)

.stabstr
 *(.stabstr)

.debug
 *(.debug)

.line
 *(.line)

.debug_srcinfo
 *(.debug_srcinfo)

.debug_sfnames
 *(.debug_sfnames)

.debug_aranges  0x00000000      0x1d0
 *(.debug_aranges)
 .debug_aranges
                0x00000000      0x110 C:\Users\gjl\AppData\Local\Temp\cc40ErxV.ltrans0.ltrans.o
 .debug_aranges
                0x00000110       0xa0 C:\Users\gjl\AppData\Local\Temp\cc40ErxV.ltrans1.ltrans.o
 .debug_aranges
                0x000001b0       0x20 .\CortexM0\ARM_GCC_541\Release\TestProgram4M.a(CyBootAsmGnu.o)

.debug_pubnames
 *(.debug_pubnames)

.debug_info     0x00000000     0x4206
 *(.debug_info .gnu.linkonce.wi.*)
 .debug_info    0x00000000     0x322f C:\Users\gjl\AppData\Local\Temp\cc40ErxV.ltrans0.ltrans.o
 .debug_info    0x0000322f      0xf38 C:\Users\gjl\AppData\Local\Temp\cc40ErxV.ltrans1.ltrans.o
 .debug_info    0x00004167       0x9f .\CortexM0\ARM_GCC_541\Release\TestProgram4M.a(CyBootAsmGnu.o)

.debug_abbrev   0x00000000      0xa59
 *(.debug_abbrev)
 .debug_abbrev  0x00000000      0x60f C:\Users\gjl\AppData\Local\Temp\cc40ErxV.ltrans0.ltrans.o
 .debug_abbrev  0x0000060f      0x436 C:\Users\gjl\AppData\Local\Temp\cc40ErxV.ltrans1.ltrans.o
 .debug_abbrev  0x00000a45       0x14 .\CortexM0\ARM_GCC_541\Release\TestProgram4M.a(CyBootAsmGnu.o)

.debug_line     0x00000000     0x1194
 *(.debug_line)
 .debug_line    0x00000000      0xbbc C:\Users\gjl\AppData\Local\Temp\cc40ErxV.ltrans0.ltrans.o
 .debug_line    0x00000bbc      0x570 C:\Users\gjl\AppData\Local\Temp\cc40ErxV.ltrans1.ltrans.o
 .debug_line    0x0000112c       0x68 .\CortexM0\ARM_GCC_541\Release\TestProgram4M.a(CyBootAsmGnu.o)

.debug_frame    0x00000000     0x1070
 *(.debug_frame)
 .debug_frame   0x00000000      0x324 C:\Users\gjl\AppData\Local\Temp\cc40ErxV.ltrans0.ltrans.o
 .debug_frame   0x00000324      0x1c4 C:\Users\gjl\AppData\Local\Temp\cc40ErxV.ltrans1.ltrans.o
 .debug_frame   0x000004e8       0x20 c:/program files (x86)/cypress/psoc creator/4.1/psoc creator/import/gnu/arm/5.4.1/bin/../lib/gcc/arm-none-eabi/5.4.1/../../../../arm-none-eabi/lib/armv6-m\libg_nano.a(lib_a-errno.o)
 .debug_frame   0x00000508       0x28 c:/program files (x86)/cypress/psoc creator/4.1/psoc creator/import/gnu/arm/5.4.1/bin/../lib/gcc/arm-none-eabi/5.4.1/../../../../arm-none-eabi/lib/armv6-m\libg_nano.a(lib_a-exit.o)
 .debug_frame   0x00000530       0x2c c:/program files (x86)/cypress/psoc creator/4.1/psoc creator/import/gnu/arm/5.4.1/bin/../lib/gcc/arm-none-eabi/5.4.1/../../../../arm-none-eabi/lib/armv6-m\libg_nano.a(lib_a-init.o)
 .debug_frame   0x0000055c       0x20 c:/program files (x86)/cypress/psoc creator/4.1/psoc creator/import/gnu/arm/5.4.1/bin/../lib/gcc/arm-none-eabi/5.4.1/../../../../arm-none-eabi/lib/armv6-m\libg_nano.a(lib_a-memset.o)
 .debug_frame   0x0000057c       0x74 c:/program files (x86)/cypress/psoc creator/4.1/psoc creator/import/gnu/arm/5.4.1/bin/../lib/gcc/arm-none-eabi/5.4.1/../../../../arm-none-eabi/lib/armv6-m\libg_nano.a(lib_a-nano-vfprintf_float.o)
 .debug_frame   0x000005f0       0x54 c:/program files (x86)/cypress/psoc creator/4.1/psoc creator/import/gnu/arm/5.4.1/bin/../lib/gcc/arm-none-eabi/5.4.1/../../../../arm-none-eabi/lib/armv6-m\libg_nano.a(lib_a-nano-vfprintf_i.o)
 .debug_frame   0x00000644       0x54 c:/program files (x86)/cypress/psoc creator/4.1/psoc creator/import/gnu/arm/5.4.1/bin/../lib/gcc/arm-none-eabi/5.4.1/../../../../arm-none-eabi/lib/armv6-m\libg_nano.a(lib_a-dtoa.o)
 .debug_frame   0x00000698       0xa4 c:/program files (x86)/cypress/psoc creator/4.1/psoc creator/import/gnu/arm/5.4.1/bin/../lib/gcc/arm-none-eabi/5.4.1/../../../../arm-none-eabi/lib/armv6-m\libg_nano.a(lib_a-locale.o)
 .debug_frame   0x0000073c       0x40 c:/program files (x86)/cypress/psoc creator/4.1/psoc creator/import/gnu/arm/5.4.1/bin/../lib/gcc/arm-none-eabi/5.4.1/../../../../arm-none-eabi/lib/armv6-m\libg_nano.a(lib_a-malloc.o)
 .debug_frame   0x0000077c       0x20 c:/program files (x86)/cypress/psoc creator/4.1/psoc creator/import/gnu/arm/5.4.1/bin/../lib/gcc/arm-none-eabi/5.4.1/../../../../arm-none-eabi/lib/armv6-m\libg_nano.a(lib_a-memchr-stub.o)
 .debug_frame   0x0000079c       0x28 c:/program files (x86)/cypress/psoc creator/4.1/psoc creator/import/gnu/arm/5.4.1/bin/../lib/gcc/arm-none-eabi/5.4.1/../../../../arm-none-eabi/lib/armv6-m\libg_nano.a(lib_a-memcpy-stub.o)
 .debug_frame   0x000007c4      0x238 c:/program files (x86)/cypress/psoc creator/4.1/psoc creator/import/gnu/arm/5.4.1/bin/../lib/gcc/arm-none-eabi/5.4.1/../../../../arm-none-eabi/lib/armv6-m\libg_nano.a(lib_a-mprec.o)
 .debug_frame   0x000009fc       0x2c c:/program files (x86)/cypress/psoc creator/4.1/psoc creator/import/gnu/arm/5.4.1/bin/../lib/gcc/arm-none-eabi/5.4.1/../../../../arm-none-eabi/lib/armv6-m\libg_nano.a(lib_a-nano-callocr.o)
 .debug_frame   0x00000a28       0x2c c:/program files (x86)/cypress/psoc creator/4.1/psoc creator/import/gnu/arm/5.4.1/bin/../lib/gcc/arm-none-eabi/5.4.1/../../../../arm-none-eabi/lib/armv6-m\libg_nano.a(lib_a-nano-freer.o)
 .debug_frame   0x00000a54       0x2c c:/program files (x86)/cypress/psoc creator/4.1/psoc creator/import/gnu/arm/5.4.1/bin/../lib/gcc/arm-none-eabi/5.4.1/../../../../arm-none-eabi/lib/armv6-m\libg_nano.a(lib_a-nano-mallocr.o)
 .debug_frame   0x00000a80       0x2c c:/program files (x86)/cypress/psoc creator/4.1/psoc creator/import/gnu/arm/5.4.1/bin/../lib/gcc/arm-none-eabi/5.4.1/../../../../arm-none-eabi/lib/armv6-m\libg_nano.a(lib_a-sbrkr.o)
 .debug_frame   0x00000aac       0x20 c:/program files (x86)/cypress/psoc creator/4.1/psoc creator/import/gnu/arm/5.4.1/bin/../lib/gcc/arm-none-eabi/5.4.1/../../../../arm-none-eabi/lib/armv6-m\libg_nano.a(lib_a-strcmp.o)
 .debug_frame   0x00000acc       0x30 c:/program files (x86)/cypress/psoc creator/4.1/psoc creator/import/gnu/arm/5.4.1/bin/../lib/gcc/arm-none-eabi/5.4.1/../../../../arm-none-eabi/lib/armv6-m\libg_nano.a(lib_a-mlock.o)
 .debug_frame   0x00000afc       0x48 c:/program files (x86)/cypress/psoc creator/4.1/psoc creator/import/gnu/arm/5.4.1/bin/../lib/gcc/arm-none-eabi/5.4.1/../../../../arm-none-eabi/lib/armv6-m\libg_nano.a(lib_a-reent.o)
 .debug_frame   0x00000b44       0x20 c:/program files (x86)/cypress/psoc creator/4.1/psoc creator/import/gnu/arm/5.4.1/bin/../lib/gcc/arm-none-eabi/5.4.1/armv6-m\libgcc.a(_udivsi3.o)
 .debug_frame   0x00000b64       0x20 c:/program files (x86)/cypress/psoc creator/4.1/psoc creator/import/gnu/arm/5.4.1/bin/../lib/gcc/arm-none-eabi/5.4.1/armv6-m\libgcc.a(_divsi3.o)
 .debug_frame   0x00000b84       0x3c c:/program files (x86)/cypress/psoc creator/4.1/psoc creator/import/gnu/arm/5.4.1/bin/../lib/gcc/arm-none-eabi/5.4.1/armv6-m\libgcc.a(adddf3.o)
 .debug_frame   0x00000bc0       0x3c c:/program files (x86)/cypress/psoc creator/4.1/psoc creator/import/gnu/arm/5.4.1/bin/../lib/gcc/arm-none-eabi/5.4.1/armv6-m\libgcc.a(divdf3.o)
 .debug_frame   0x00000bfc       0x38 c:/program files (x86)/cypress/psoc creator/4.1/psoc creator/import/gnu/arm/5.4.1/bin/../lib/gcc/arm-none-eabi/5.4.1/armv6-m\libgcc.a(eqdf2.o)
 .debug_frame   0x00000c34       0x38 c:/program files (x86)/cypress/psoc creator/4.1/psoc creator/import/gnu/arm/5.4.1/bin/../lib/gcc/arm-none-eabi/5.4.1/armv6-m\libgcc.a(gedf2.o)
 .debug_frame   0x00000c6c       0x38 c:/program files (x86)/cypress/psoc creator/4.1/psoc creator/import/gnu/arm/5.4.1/bin/../lib/gcc/arm-none-eabi/5.4.1/armv6-m\libgcc.a(ledf2.o)
 .debug_frame   0x00000ca4       0x3c c:/program files (x86)/cypress/psoc creator/4.1/psoc creator/import/gnu/arm/5.4.1/bin/../lib/gcc/arm-none-eabi/5.4.1/armv6-m\libgcc.a(muldf3.o)
 .debug_frame   0x00000ce0       0x38 c:/program files (x86)/cypress/psoc creator/4.1/psoc creator/import/gnu/arm/5.4.1/bin/../lib/gcc/arm-none-eabi/5.4.1/armv6-m\libgcc.a(subdf3.o)
 .debug_frame   0x00000d18       0x2c c:/program files (x86)/cypress/psoc creator/4.1/psoc creator/import/gnu/arm/5.4.1/bin/../lib/gcc/arm-none-eabi/5.4.1/armv6-m\libgcc.a(unorddf2.o)
 .debug_frame   0x00000d44       0x2c c:/program files (x86)/cypress/psoc creator/4.1/psoc creator/import/gnu/arm/5.4.1/bin/../lib/gcc/arm-none-eabi/5.4.1/armv6-m\libgcc.a(fixdfsi.o)
 .debug_frame   0x00000d70       0x2c c:/program files (x86)/cypress/psoc creator/4.1/psoc creator/import/gnu/arm/5.4.1/bin/../lib/gcc/arm-none-eabi/5.4.1/armv6-m\libgcc.a(floatsidf.o)
 .debug_frame   0x00000d9c       0x2c c:/program files (x86)/cypress/psoc creator/4.1/psoc creator/import/gnu/arm/5.4.1/bin/../lib/gcc/arm-none-eabi/5.4.1/armv6-m\libgcc.a(floatunsidf.o)
 .debug_frame   0x00000dc8       0x20 c:/program files (x86)/cypress/psoc creator/4.1/psoc creator/import/gnu/arm/5.4.1/bin/../lib/gcc/arm-none-eabi/5.4.1/../../../../arm-none-eabi/lib/armv6-m\libnosys.a(_exit.o)
 .debug_frame   0x00000de8       0x3c c:/program files (x86)/cypress/psoc creator/4.1/psoc creator/import/gnu/arm/5.4.1/bin/../lib/gcc/arm-none-eabi/5.4.1/armv6-m\libgcc.a(divsf3.o)
 .debug_frame   0x00000e24       0x2c c:/program files (x86)/cypress/psoc creator/4.1/psoc creator/import/gnu/arm/5.4.1/bin/../lib/gcc/arm-none-eabi/5.4.1/armv6-m\libgcc.a(eqsf2.o)
 .debug_frame   0x00000e50       0x30 c:/program files (x86)/cypress/psoc creator/4.1/psoc creator/import/gnu/arm/5.4.1/bin/../lib/gcc/arm-none-eabi/5.4.1/armv6-m\libgcc.a(gesf2.o)
 .debug_frame   0x00000e80       0x30 c:/program files (x86)/cypress/psoc creator/4.1/psoc creator/import/gnu/arm/5.4.1/bin/../lib/gcc/arm-none-eabi/5.4.1/armv6-m\libgcc.a(lesf2.o)
 .debug_frame   0x00000eb0       0x2c c:/program files (x86)/cypress/psoc creator/4.1/psoc creator/import/gnu/arm/5.4.1/bin/../lib/gcc/arm-none-eabi/5.4.1/armv6-m\libgcc.a(floatsisf.o)
 .debug_frame   0x00000edc       0x2c c:/program files (x86)/cypress/psoc creator/4.1/psoc creator/import/gnu/arm/5.4.1/bin/../lib/gcc/arm-none-eabi/5.4.1/armv6-m\libgcc.a(extendsfdf2.o)
 .debug_frame   0x00000f08       0x2c c:/program files (x86)/cypress/psoc creator/4.1/psoc creator/import/gnu/arm/5.4.1/bin/../lib/gcc/arm-none-eabi/5.4.1/armv6-m\libgcc.a(truncdfsf2.o)
 .debug_frame   0x00000f34       0x50 c:/program files (x86)/cypress/psoc creator/4.1/psoc creator/import/gnu/arm/5.4.1/bin/../lib/gcc/arm-none-eabi/5.4.1/../../../../arm-none-eabi/lib/armv6-m\libg_nano.a(lib_a-sprintf.o)
 .debug_frame   0x00000f84       0x74 c:/program files (x86)/cypress/psoc creator/4.1/psoc creator/import/gnu/arm/5.4.1/bin/../lib/gcc/arm-none-eabi/5.4.1/../../../../arm-none-eabi/lib/armv6-m\libg_nano.a(lib_a-nano-svfprintf.o)
 .debug_frame   0x00000ff8       0x28 c:/program files (x86)/cypress/psoc creator/4.1/psoc creator/import/gnu/arm/5.4.1/bin/../lib/gcc/arm-none-eabi/5.4.1/../../../../arm-none-eabi/lib/armv6-m\libg_nano.a(lib_a-memmove.o)
 .debug_frame   0x00001020       0x30 c:/program files (x86)/cypress/psoc creator/4.1/psoc creator/import/gnu/arm/5.4.1/bin/../lib/gcc/arm-none-eabi/5.4.1/../../../../arm-none-eabi/lib/armv6-m\libg_nano.a(lib_a-nano-reallocr.o)
 .debug_frame   0x00001050       0x20 c:/program files (x86)/cypress/psoc creator/4.1/psoc creator/import/gnu/arm/5.4.1/bin/../lib/gcc/arm-none-eabi/5.4.1/../../../../arm-none-eabi/lib/armv6-m\libg_nano.a(lib_a-nano-msizer.o)

.debug_str      0x00000000     0x1634
 *(.debug_str)
 .debug_str     0x00000000     0x1196 C:\Users\gjl\AppData\Local\Temp\cc40ErxV.ltrans0.ltrans.o
                               0x123d (size before relaxing)
 .debug_str     0x00001196      0x49e C:\Users\gjl\AppData\Local\Temp\cc40ErxV.ltrans1.ltrans.o
                                0x9c1 (size before relaxing)

.debug_loc      0x00000000     0x22b2
 *(.debug_loc)
 .debug_loc     0x00000000     0x1a3f C:\Users\gjl\AppData\Local\Temp\cc40ErxV.ltrans0.ltrans.o
 .debug_loc     0x00001a3f      0x873 C:\Users\gjl\AppData\Local\Temp\cc40ErxV.ltrans1.ltrans.o

.debug_macinfo
 *(.debug_macinfo)

.debug_ranges   0x00000000      0x810
 *(.debug_ranges)
 .debug_ranges  0x00000000      0x6c8 C:\Users\gjl\AppData\Local\Temp\cc40ErxV.ltrans0.ltrans.o
 .debug_ranges  0x000006c8      0x148 C:\Users\gjl\AppData\Local\Temp\cc40ErxV.ltrans1.ltrans.o

.comment        0x00000000       0x6e
 .comment       0x00000000       0x6e C:\Users\gjl\AppData\Local\Temp\cc40ErxV.ltrans0.ltrans.o
                                 0x6f (size before relaxing)
 .comment       0x0000006e       0x6f C:\Users\gjl\AppData\Local\Temp\cc40ErxV.ltrans1.ltrans.o

.debug_weaknames
 *(.debug_weaknames)

.debug_funcnames
 *(.debug_funcnames)

.debug_typenames
 *(.debug_typenames)

.debug_varnames
 *(.debug_varnames)

.note.gnu.arm.ident
 *(.note.gnu.arm.ident)

.ARM.attributes
                0x00000000       0x28
 *(.ARM.attributes)
 .ARM.attributes
                0x00000000       0x1e c:/program files (x86)/cypress/psoc creator/4.1/psoc creator/import/gnu/arm/5.4.1/bin/../lib/gcc/arm-none-eabi/5.4.1/armv6-m/crti.o
 .ARM.attributes
                0x0000001e       0x2c c:/program files (x86)/cypress/psoc creator/4.1/psoc creator/import/gnu/arm/5.4.1/bin/../lib/gcc/arm-none-eabi/5.4.1/armv6-m/crtbegin.o
 .ARM.attributes
                0x0000004a       0x1b c:/program files (x86)/cypress/psoc creator/4.1/psoc creator/import/gnu/arm/5.4.1/bin/../lib/gcc/arm-none-eabi/5.4.1/../../../../arm-none-eabi/lib/armv6-m/crt0.o
 .ARM.attributes
                0x00000065       0x2f C:\Users\gjl\AppData\Local\Temp\cc40ErxV.ltrans0.ltrans.o
 .ARM.attributes
                0x00000094       0x2f C:\Users\gjl\AppData\Local\Temp\cc40ErxV.ltrans1.ltrans.o
 .ARM.attributes
                0x000000c3       0x21 .\CortexM0\ARM_GCC_541\Release\TestProgram4M.a(CyBootAsmGnu.o)
 .ARM.attributes
                0x000000e4       0x2c c:/program files (x86)/cypress/psoc creator/4.1/psoc creator/import/gnu/arm/5.4.1/bin/../lib/gcc/arm-none-eabi/5.4.1/../../../../arm-none-eabi/lib/armv6-m\libg_nano.a(lib_a-errno.o)
 .ARM.attributes
                0x00000110       0x2c c:/program files (x86)/cypress/psoc creator/4.1/psoc creator/import/gnu/arm/5.4.1/bin/../lib/gcc/arm-none-eabi/5.4.1/../../../../arm-none-eabi/lib/armv6-m\libg_nano.a(lib_a-exit.o)
 .ARM.attributes
                0x0000013c       0x2c c:/program files (x86)/cypress/psoc creator/4.1/psoc creator/import/gnu/arm/5.4.1/bin/../lib/gcc/arm-none-eabi/5.4.1/../../../../arm-none-eabi/lib/armv6-m\libg_nano.a(lib_a-impure.o)
 .ARM.attributes
                0x00000168       0x2c c:/program files (x86)/cypress/psoc creator/4.1/psoc creator/import/gnu/arm/5.4.1/bin/../lib/gcc/arm-none-eabi/5.4.1/../../../../arm-none-eabi/lib/armv6-m\libg_nano.a(lib_a-init.o)
 .ARM.attributes
                0x00000194       0x2c c:/program files (x86)/cypress/psoc creator/4.1/psoc creator/import/gnu/arm/5.4.1/bin/../lib/gcc/arm-none-eabi/5.4.1/../../../../arm-none-eabi/lib/armv6-m\libg_nano.a(lib_a-memset.o)
 .ARM.attributes
                0x000001c0       0x2c c:/program files (x86)/cypress/psoc creator/4.1/psoc creator/import/gnu/arm/5.4.1/bin/../lib/gcc/arm-none-eabi/5.4.1/../../../../arm-none-eabi/lib/armv6-m\libg_nano.a(lib_a-nano-vfprintf_float.o)
 .ARM.attributes
                0x000001ec       0x2c c:/program files (x86)/cypress/psoc creator/4.1/psoc creator/import/gnu/arm/5.4.1/bin/../lib/gcc/arm-none-eabi/5.4.1/../../../../arm-none-eabi/lib/armv6-m\libg_nano.a(lib_a-nano-vfprintf_i.o)
 .ARM.attributes
                0x00000218       0x1c c:/program files (x86)/cypress/psoc creator/4.1/psoc creator/import/gnu/arm/5.4.1/bin/../lib/gcc/arm-none-eabi/5.4.1/../../../../arm-none-eabi/lib/armv6-m\libg_nano.a(lib_a-strlen.o)
 .ARM.attributes
                0x00000234       0x2c c:/program files (x86)/cypress/psoc creator/4.1/psoc creator/import/gnu/arm/5.4.1/bin/../lib/gcc/arm-none-eabi/5.4.1/../../../../arm-none-eabi/lib/armv6-m\libg_nano.a(lib_a-dtoa.o)
 .ARM.attributes
                0x00000260       0x2c c:/program files (x86)/cypress/psoc creator/4.1/psoc creator/import/gnu/arm/5.4.1/bin/../lib/gcc/arm-none-eabi/5.4.1/../../../../arm-none-eabi/lib/armv6-m\libg_nano.a(lib_a-locale.o)
 .ARM.attributes
                0x0000028c       0x2c c:/program files (x86)/cypress/psoc creator/4.1/psoc creator/import/gnu/arm/5.4.1/bin/../lib/gcc/arm-none-eabi/5.4.1/../../../../arm-none-eabi/lib/armv6-m\libg_nano.a(lib_a-malloc.o)
 .ARM.attributes
                0x000002b8       0x2c c:/program files (x86)/cypress/psoc creator/4.1/psoc creator/import/gnu/arm/5.4.1/bin/../lib/gcc/arm-none-eabi/5.4.1/../../../../arm-none-eabi/lib/armv6-m\libg_nano.a(lib_a-memchr-stub.o)
 .ARM.attributes
                0x000002e4       0x2c c:/program files (x86)/cypress/psoc creator/4.1/psoc creator/import/gnu/arm/5.4.1/bin/../lib/gcc/arm-none-eabi/5.4.1/../../../../arm-none-eabi/lib/armv6-m\libg_nano.a(lib_a-memcpy-stub.o)
 .ARM.attributes
                0x00000310       0x2c c:/program files (x86)/cypress/psoc creator/4.1/psoc creator/import/gnu/arm/5.4.1/bin/../lib/gcc/arm-none-eabi/5.4.1/../../../../arm-none-eabi/lib/armv6-m\libg_nano.a(lib_a-mprec.o)
 .ARM.attributes
                0x0000033c       0x2c c:/program files (x86)/cypress/psoc creator/4.1/psoc creator/import/gnu/arm/5.4.1/bin/../lib/gcc/arm-none-eabi/5.4.1/../../../../arm-none-eabi/lib/armv6-m\libg_nano.a(lib_a-nano-callocr.o)
 .ARM.attributes
                0x00000368       0x2c c:/program files (x86)/cypress/psoc creator/4.1/psoc creator/import/gnu/arm/5.4.1/bin/../lib/gcc/arm-none-eabi/5.4.1/../../../../arm-none-eabi/lib/armv6-m\libg_nano.a(lib_a-nano-freer.o)
 .ARM.attributes
                0x00000394       0x2c c:/program files (x86)/cypress/psoc creator/4.1/psoc creator/import/gnu/arm/5.4.1/bin/../lib/gcc/arm-none-eabi/5.4.1/../../../../arm-none-eabi/lib/armv6-m\libg_nano.a(lib_a-nano-mallocr.o)
 .ARM.attributes
                0x000003c0       0x2c c:/program files (x86)/cypress/psoc creator/4.1/psoc creator/import/gnu/arm/5.4.1/bin/../lib/gcc/arm-none-eabi/5.4.1/../../../../arm-none-eabi/lib/armv6-m\libg_nano.a(lib_a-sbrkr.o)
 .ARM.attributes
                0x000003ec       0x1c c:/program files (x86)/cypress/psoc creator/4.1/psoc creator/import/gnu/arm/5.4.1/bin/../lib/gcc/arm-none-eabi/5.4.1/../../../../arm-none-eabi/lib/armv6-m\libg_nano.a(lib_a-strcmp.o)
 .ARM.attributes
                0x00000408       0x2c c:/program files (x86)/cypress/psoc creator/4.1/psoc creator/import/gnu/arm/5.4.1/bin/../lib/gcc/arm-none-eabi/5.4.1/../../../../arm-none-eabi/lib/armv6-m\libg_nano.a(lib_a-mlock.o)
 .ARM.attributes
                0x00000434       0x2c c:/program files (x86)/cypress/psoc creator/4.1/psoc creator/import/gnu/arm/5.4.1/bin/../lib/gcc/arm-none-eabi/5.4.1/../../../../arm-none-eabi/lib/armv6-m\libg_nano.a(lib_a-reent.o)
 .ARM.attributes
                0x00000460       0x1e c:/program files (x86)/cypress/psoc creator/4.1/psoc creator/import/gnu/arm/5.4.1/bin/../lib/gcc/arm-none-eabi/5.4.1/armv6-m\libgcc.a(_thumb1_case_uqi.o)
 .ARM.attributes
                0x0000047e       0x1e c:/program files (x86)/cypress/psoc creator/4.1/psoc creator/import/gnu/arm/5.4.1/bin/../lib/gcc/arm-none-eabi/5.4.1/armv6-m\libgcc.a(_udivsi3.o)
 .ARM.attributes
                0x0000049c       0x1e c:/program files (x86)/cypress/psoc creator/4.1/psoc creator/import/gnu/arm/5.4.1/bin/../lib/gcc/arm-none-eabi/5.4.1/armv6-m\libgcc.a(_divsi3.o)
 .ARM.attributes
                0x000004ba       0x1e c:/program files (x86)/cypress/psoc creator/4.1/psoc creator/import/gnu/arm/5.4.1/bin/../lib/gcc/arm-none-eabi/5.4.1/armv6-m\libgcc.a(_dvmd_tls.o)
 .ARM.attributes
                0x000004d8       0x1e c:/program files (x86)/cypress/psoc creator/4.1/psoc creator/import/gnu/arm/5.4.1/bin/../lib/gcc/arm-none-eabi/5.4.1/armv6-m\libgcc.a(_arm_cmpdf2.o)
 .ARM.attributes
                0x000004f6       0x2c c:/program files (x86)/cypress/psoc creator/4.1/psoc creator/import/gnu/arm/5.4.1/bin/../lib/gcc/arm-none-eabi/5.4.1/armv6-m\libgcc.a(adddf3.o)
 .ARM.attributes
                0x00000522       0x2c c:/program files (x86)/cypress/psoc creator/4.1/psoc creator/import/gnu/arm/5.4.1/bin/../lib/gcc/arm-none-eabi/5.4.1/armv6-m\libgcc.a(divdf3.o)
 .ARM.attributes
                0x0000054e       0x2c c:/program files (x86)/cypress/psoc creator/4.1/psoc creator/import/gnu/arm/5.4.1/bin/../lib/gcc/arm-none-eabi/5.4.1/armv6-m\libgcc.a(eqdf2.o)
 .ARM.attributes
                0x0000057a       0x2c c:/program files (x86)/cypress/psoc creator/4.1/psoc creator/import/gnu/arm/5.4.1/bin/../lib/gcc/arm-none-eabi/5.4.1/armv6-m\libgcc.a(gedf2.o)
 .ARM.attributes
                0x000005a6       0x2c c:/program files (x86)/cypress/psoc creator/4.1/psoc creator/import/gnu/arm/5.4.1/bin/../lib/gcc/arm-none-eabi/5.4.1/armv6-m\libgcc.a(ledf2.o)
 .ARM.attributes
                0x000005d2       0x2c c:/program files (x86)/cypress/psoc creator/4.1/psoc creator/import/gnu/arm/5.4.1/bin/../lib/gcc/arm-none-eabi/5.4.1/armv6-m\libgcc.a(muldf3.o)
 .ARM.attributes
                0x000005fe       0x2c c:/program files (x86)/cypress/psoc creator/4.1/psoc creator/import/gnu/arm/5.4.1/bin/../lib/gcc/arm-none-eabi/5.4.1/armv6-m\libgcc.a(subdf3.o)
 .ARM.attributes
                0x0000062a       0x2c c:/program files (x86)/cypress/psoc creator/4.1/psoc creator/import/gnu/arm/5.4.1/bin/../lib/gcc/arm-none-eabi/5.4.1/armv6-m\libgcc.a(unorddf2.o)
 .ARM.attributes
                0x00000656       0x2c c:/program files (x86)/cypress/psoc creator/4.1/psoc creator/import/gnu/arm/5.4.1/bin/../lib/gcc/arm-none-eabi/5.4.1/armv6-m\libgcc.a(fixdfsi.o)
 .ARM.attributes
                0x00000682       0x2c c:/program files (x86)/cypress/psoc creator/4.1/psoc creator/import/gnu/arm/5.4.1/bin/../lib/gcc/arm-none-eabi/5.4.1/armv6-m\libgcc.a(floatsidf.o)
 .ARM.attributes
                0x000006ae       0x2c c:/program files (x86)/cypress/psoc creator/4.1/psoc creator/import/gnu/arm/5.4.1/bin/../lib/gcc/arm-none-eabi/5.4.1/armv6-m\libgcc.a(floatunsidf.o)
 .ARM.attributes
                0x000006da       0x1e c:/program files (x86)/cypress/psoc creator/4.1/psoc creator/import/gnu/arm/5.4.1/bin/../lib/gcc/arm-none-eabi/5.4.1/armv6-m\libgcc.a(_clzsi2.o)
 .ARM.attributes
                0x000006f8       0x2c c:/program files (x86)/cypress/psoc creator/4.1/psoc creator/import/gnu/arm/5.4.1/bin/../lib/gcc/arm-none-eabi/5.4.1/armv6-m/crtend.o
 .ARM.attributes
                0x00000724       0x1e c:/program files (x86)/cypress/psoc creator/4.1/psoc creator/import/gnu/arm/5.4.1/bin/../lib/gcc/arm-none-eabi/5.4.1/armv6-m/crtn.o
 .ARM.attributes
                0x00000742       0x2c c:/program files (x86)/cypress/psoc creator/4.1/psoc creator/import/gnu/arm/5.4.1/bin/../lib/gcc/arm-none-eabi/5.4.1/../../../../arm-none-eabi/lib/armv6-m\libnosys.a(_exit.o)
 .ARM.attributes
                0x0000076e       0x1e c:/program files (x86)/cypress/psoc creator/4.1/psoc creator/import/gnu/arm/5.4.1/bin/../lib/gcc/arm-none-eabi/5.4.1/armv6-m\libgcc.a(_arm_cmpsf2.o)
 .ARM.attributes
                0x0000078c       0x2c c:/program files (x86)/cypress/psoc creator/4.1/psoc creator/import/gnu/arm/5.4.1/bin/../lib/gcc/arm-none-eabi/5.4.1/armv6-m\libgcc.a(divsf3.o)
 .ARM.attributes
                0x000007b8       0x2c c:/program files (x86)/cypress/psoc creator/4.1/psoc creator/import/gnu/arm/5.4.1/bin/../lib/gcc/arm-none-eabi/5.4.1/armv6-m\libgcc.a(eqsf2.o)
 .ARM.attributes
                0x000007e4       0x2c c:/program files (x86)/cypress/psoc creator/4.1/psoc creator/import/gnu/arm/5.4.1/bin/../lib/gcc/arm-none-eabi/5.4.1/armv6-m\libgcc.a(gesf2.o)
 .ARM.attributes
                0x00000810       0x2c c:/program files (x86)/cypress/psoc creator/4.1/psoc creator/import/gnu/arm/5.4.1/bin/../lib/gcc/arm-none-eabi/5.4.1/armv6-m\libgcc.a(lesf2.o)
 .ARM.attributes
                0x0000083c       0x2c c:/program files (x86)/cypress/psoc creator/4.1/psoc creator/import/gnu/arm/5.4.1/bin/../lib/gcc/arm-none-eabi/5.4.1/armv6-m\libgcc.a(floatsisf.o)
 .ARM.attributes
                0x00000868       0x2c c:/program files (x86)/cypress/psoc creator/4.1/psoc creator/import/gnu/arm/5.4.1/bin/../lib/gcc/arm-none-eabi/5.4.1/armv6-m\libgcc.a(extendsfdf2.o)
 .ARM.attributes
                0x00000894       0x2c c:/program files (x86)/cypress/psoc creator/4.1/psoc creator/import/gnu/arm/5.4.1/bin/../lib/gcc/arm-none-eabi/5.4.1/armv6-m\libgcc.a(truncdfsf2.o)
 .ARM.attributes
                0x000008c0       0x2c c:/program files (x86)/cypress/psoc creator/4.1/psoc creator/import/gnu/arm/5.4.1/bin/../lib/gcc/arm-none-eabi/5.4.1/../../../../arm-none-eabi/lib/armv6-m\libg_nano.a(lib_a-sprintf.o)
 .ARM.attributes
                0x000008ec       0x2c c:/program files (x86)/cypress/psoc creator/4.1/psoc creator/import/gnu/arm/5.4.1/bin/../lib/gcc/arm-none-eabi/5.4.1/../../../../arm-none-eabi/lib/armv6-m\libg_nano.a(lib_a-nano-svfprintf.o)
 .ARM.attributes
                0x00000918       0x2c c:/program files (x86)/cypress/psoc creator/4.1/psoc creator/import/gnu/arm/5.4.1/bin/../lib/gcc/arm-none-eabi/5.4.1/../../../../arm-none-eabi/lib/armv6-m\libg_nano.a(lib_a-memmove.o)
 .ARM.attributes
                0x00000944       0x2c c:/program files (x86)/cypress/psoc creator/4.1/psoc creator/import/gnu/arm/5.4.1/bin/../lib/gcc/arm-none-eabi/5.4.1/../../../../arm-none-eabi/lib/armv6-m\libg_nano.a(lib_a-nano-reallocr.o)
 .ARM.attributes
                0x00000970       0x2c c:/program files (x86)/cypress/psoc creator/4.1/psoc creator/import/gnu/arm/5.4.1/bin/../lib/gcc/arm-none-eabi/5.4.1/../../../../arm-none-eabi/lib/armv6-m\libg_nano.a(lib_a-nano-msizer.o)

/DISCARD/
 *(.note.GNU-stack)
OUTPUT(C:\Git\WW101\ww101-shield\firmware\TestProgram4M.cydsn\CortexM0\ARM_GCC_541\Release\TestProgram4M.elf elf32-littlearm)
